[2026-05-25T11:21:35.945+0000] {manager.py:469} INFO - Processing files using up to 2 processes at a time 
[2026-05-25T11:21:35.963+0000] {manager.py:470} INFO - Process each file at most once every 30 seconds
[2026-05-25T11:21:35.965+0000] {manager.py:471} INFO - Checking for new files in /opt/airflow/dags every 300 seconds
[2026-05-25T11:21:35.967+0000] {manager.py:738} INFO - Searching for files in /opt/airflow/dags
[2026-05-25T11:21:36.159+0000] {manager.py:741} INFO - There are 1 files in /opt/airflow/dags
[2026-05-25T11:21:36.609+0000] {manager.py:879} INFO - 
================================================================================
DAG File Processing Stats

File Path                               PID  Runtime      # DAGs    # Errors  Last Runtime    Last Run
------------------------------------  -----  ---------  --------  ----------  --------------  ----------
/opt/airflow/dags/reports_etl_dag.py    163  0.14s             0           0
================================================================================
[2026-05-25T11:22:18.850+0000] {manager.py:879} INFO - 
================================================================================
DAG File Processing Stats

File Path                             PID    Runtime      # DAGs    # Errors  Last Runtime    Last Run
------------------------------------  -----  ---------  --------  ----------  --------------  -------------------
/opt/airflow/dags/reports_etl_dag.py                           0           1  12.44s          2026-05-25T11:21:48
================================================================================
[2026-05-25T11:22:37.173+0000] {manager.py:879} INFO - 
================================================================================
DAG File Processing Stats

File Path                             PID    Runtime      # DAGs    # Errors  Last Runtime    Last Run
------------------------------------  -----  ---------  --------  ----------  --------------  -------------------
/opt/airflow/dags/reports_etl_dag.py                           0           1  0.11s           2026-05-25T11:22:19
================================================================================
[2026-05-25T11:23:07.359+0000] {manager.py:879} INFO - 
================================================================================
DAG File Processing Stats

File Path                             PID    Runtime      # DAGs    # Errors  Last Runtime    Last Run
------------------------------------  -----  ---------  --------  ----------  --------------  -------------------
/opt/airflow/dags/reports_etl_dag.py                           0           1  0.10s           2026-05-25T11:22:49
================================================================================
[2026-05-25T11:23:37.760+0000] {manager.py:879} INFO - 
================================================================================
DAG File Processing Stats

File Path                             PID    Runtime      # DAGs    # Errors  Last Runtime    Last Run
------------------------------------  -----  ---------  --------  ----------  --------------  -------------------
/opt/airflow/dags/reports_etl_dag.py                           0           1  0.11s           2026-05-25T11:23:19
================================================================================
[2026-05-25T11:24:07.965+0000] {manager.py:879} INFO - 
================================================================================
DAG File Processing Stats

File Path                             PID    Runtime      # DAGs    # Errors  Last Runtime    Last Run
------------------------------------  -----  ---------  --------  ----------  --------------  -------------------
/opt/airflow/dags/reports_etl_dag.py                           0           1  0.12s           2026-05-25T11:23:49
================================================================================
[2026-05-25T11:24:38.632+0000] {manager.py:879} INFO - 
================================================================================
DAG File Processing Stats

File Path                             PID    Runtime      # DAGs    # Errors  Last Runtime    Last Run
------------------------------------  -----  ---------  --------  ----------  --------------  -------------------
/opt/airflow/dags/reports_etl_dag.py                           0           1  0.11s           2026-05-25T11:24:23
================================================================================
[2026-05-25T11:24:58.226+0000] {manager.py:451} INFO - Exiting gracefully upon receiving signal 15
[2026-05-25T11:26:39.057+0000] {manager.py:469} INFO - Processing files using up to 2 processes at a time 
[2026-05-25T11:26:39.078+0000] {manager.py:470} INFO - Process each file at most once every 30 seconds
[2026-05-25T11:26:39.087+0000] {manager.py:471} INFO - Checking for new files in /opt/airflow/dags every 300 seconds
[2026-05-25T11:26:39.088+0000] {manager.py:738} INFO - Searching for files in /opt/airflow/dags
[2026-05-25T11:26:39.322+0000] {manager.py:741} INFO - There are 1 files in /opt/airflow/dags
[2026-05-25T11:26:40.219+0000] {manager.py:879} INFO - 
================================================================================
DAG File Processing Stats

File Path                               PID  Runtime      # DAGs    # Errors  Last Runtime    Last Run
------------------------------------  -----  ---------  --------  ----------  --------------  ----------
/opt/airflow/dags/reports_etl_dag.py    165  0.14s             0           0
================================================================================
[2026-05-25T11:27:11.043+0000] {manager.py:879} INFO - 
================================================================================
DAG File Processing Stats

File Path                             PID    Runtime      # DAGs    # Errors  Last Runtime    Last Run
------------------------------------  -----  ---------  --------  ----------  --------------  -------------------
/opt/airflow/dags/reports_etl_dag.py                           0           1  -11.19s         2026-05-25T11:27:02
================================================================================
[2026-05-25T11:27:41.315+0000] {manager.py:879} INFO - 
================================================================================
DAG File Processing Stats

File Path                             PID    Runtime      # DAGs    # Errors  Last Runtime    Last Run
------------------------------------  -----  ---------  --------  ----------  --------------  -------------------
/opt/airflow/dags/reports_etl_dag.py                           0           1  -11.42s         2026-05-25T11:27:22
================================================================================
[2026-05-25T11:28:11.646+0000] {manager.py:879} INFO - 
================================================================================
DAG File Processing Stats

File Path                             PID    Runtime      # DAGs    # Errors  Last Runtime    Last Run
------------------------------------  -----  ---------  --------  ----------  --------------  -------------------
/opt/airflow/dags/reports_etl_dag.py                           0           1  0.14s           2026-05-25T11:28:14
================================================================================
[2026-05-25T11:28:41.976+0000] {manager.py:879} INFO - 
================================================================================
DAG File Processing Stats

File Path                             PID    Runtime      # DAGs    # Errors  Last Runtime    Last Run
------------------------------------  -----  ---------  --------  ----------  --------------  -------------------
/opt/airflow/dags/reports_etl_dag.py                           0           1  0.79s           2026-05-25T11:28:38
================================================================================
[2026-05-25T11:29:12.592+0000] {manager.py:879} INFO - 
================================================================================
DAG File Processing Stats

File Path                             PID    Runtime      # DAGs    # Errors  Last Runtime    Last Run
------------------------------------  -----  ---------  --------  ----------  --------------  -------------------
/opt/airflow/dags/reports_etl_dag.py                           0           1  -11.85s         2026-05-25T11:29:07
================================================================================
[2026-05-25T11:29:43.254+0000] {manager.py:879} INFO - 
================================================================================
DAG File Processing Stats

File Path                             PID    Runtime      # DAGs    # Errors  Last Runtime    Last Run
------------------------------------  -----  ---------  --------  ----------  --------------  -------------------
/opt/airflow/dags/reports_etl_dag.py                           0           1  -11.85s         2026-05-25T11:29:27
================================================================================
[2026-05-25T11:30:13.452+0000] {manager.py:879} INFO - 
================================================================================
DAG File Processing Stats

File Path                             PID    Runtime      # DAGs    # Errors  Last Runtime    Last Run
------------------------------------  -----  ---------  --------  ----------  --------------  -------------------
/opt/airflow/dags/reports_etl_dag.py                           0           1  -11.87s         2026-05-25T11:30:13
================================================================================
[2026-05-25T11:30:43.795+0000] {manager.py:879} INFO - 
================================================================================
DAG File Processing Stats

File Path                             PID    Runtime      # DAGs    # Errors  Last Runtime    Last Run
------------------------------------  -----  ---------  --------  ----------  --------------  -------------------
/opt/airflow/dags/reports_etl_dag.py                           0           1  -11.83s         2026-05-25T11:30:33
================================================================================
[2026-05-25T11:31:14.249+0000] {manager.py:879} INFO - 
================================================================================
DAG File Processing Stats

File Path                             PID    Runtime      # DAGs    # Errors  Last Runtime    Last Run
------------------------------------  -----  ---------  --------  ----------  --------------  -------------------
/opt/airflow/dags/reports_etl_dag.py                           0           1  0.14s           2026-05-25T11:31:15
================================================================================
[2026-05-25T11:31:40.381+0000] {manager.py:738} INFO - Searching for files in /opt/airflow/dags
[2026-05-25T11:31:40.403+0000] {manager.py:741} INFO - There are 1 files in /opt/airflow/dags
[2026-05-25T11:31:44.551+0000] {manager.py:879} INFO - 
================================================================================
DAG File Processing Stats

File Path                             PID    Runtime      # DAGs    # Errors  Last Runtime    Last Run
------------------------------------  -----  ---------  --------  ----------  --------------  -------------------
/opt/airflow/dags/reports_etl_dag.py                           0           1  0.13s           2026-05-25T11:31:33
================================================================================
[2026-05-25T11:32:14.908+0000] {manager.py:879} INFO - 
================================================================================
DAG File Processing Stats

File Path                             PID    Runtime      # DAGs    # Errors  Last Runtime    Last Run
------------------------------------  -----  ---------  --------  ----------  --------------  -------------------
/opt/airflow/dags/reports_etl_dag.py                           0           1  0.11s           2026-05-25T11:32:03
================================================================================
[2026-05-25T11:32:45.219+0000] {manager.py:879} INFO - 
================================================================================
DAG File Processing Stats

File Path                             PID    Runtime      # DAGs    # Errors  Last Runtime    Last Run
------------------------------------  -----  ---------  --------  ----------  --------------  -------------------
/opt/airflow/dags/reports_etl_dag.py                           0           1  0.10s           2026-05-25T11:32:34
================================================================================
[2026-05-25T11:33:15.451+0000] {manager.py:879} INFO - 
================================================================================
DAG File Processing Stats

File Path                             PID    Runtime      # DAGs    # Errors  Last Runtime    Last Run
------------------------------------  -----  ---------  --------  ----------  --------------  -------------------
/opt/airflow/dags/reports_etl_dag.py                           0           1  0.22s           2026-05-25T11:33:04
================================================================================
[2026-05-25T11:33:45.749+0000] {manager.py:879} INFO - 
================================================================================
DAG File Processing Stats

File Path                             PID    Runtime      # DAGs    # Errors  Last Runtime    Last Run
------------------------------------  -----  ---------  --------  ----------  --------------  -------------------
/opt/airflow/dags/reports_etl_dag.py                           0           1  0.16s           2026-05-25T11:33:35
================================================================================
[2026-05-25T11:34:09.792+0000] {manager.py:451} INFO - Exiting gracefully upon receiving signal 15
[2026-05-25T11:35:45.205+0000] {manager.py:469} INFO - Processing files using up to 2 processes at a time 
[2026-05-25T11:35:45.207+0000] {manager.py:470} INFO - Process each file at most once every 30 seconds
[2026-05-25T11:35:45.208+0000] {manager.py:471} INFO - Checking for new files in /opt/airflow/dags every 300 seconds
[2026-05-25T11:35:45.219+0000] {manager.py:738} INFO - Searching for files in /opt/airflow/dags
[2026-05-25T11:35:45.314+0000] {manager.py:741} INFO - There are 1 files in /opt/airflow/dags
[2026-05-25T11:35:45.888+0000] {manager.py:879} INFO - 
================================================================================
DAG File Processing Stats

File Path                               PID  Runtime      # DAGs    # Errors  Last Runtime    Last Run
------------------------------------  -----  ---------  --------  ----------  --------------  ----------
/opt/airflow/dags/reports_etl_dag.py    162  0.10s             0           0
================================================================================
[2026-05-25T11:36:16.264+0000] {manager.py:879} INFO - 
================================================================================
DAG File Processing Stats

File Path                             PID    Runtime      # DAGs    # Errors  Last Runtime    Last Run
------------------------------------  -----  ---------  --------  ----------  --------------  -------------------
/opt/airflow/dags/reports_etl_dag.py                           0           1  -11.76s         2026-05-25T11:36:14
================================================================================
[2026-05-25T11:36:46.469+0000] {manager.py:879} INFO - 
================================================================================
DAG File Processing Stats

File Path                             PID    Runtime      # DAGs    # Errors  Last Runtime    Last Run
------------------------------------  -----  ---------  --------  ----------  --------------  -------------------
/opt/airflow/dags/reports_etl_dag.py                           0           1  -10.59s         2026-05-25T11:36:35
================================================================================
[2026-05-25T11:37:16.864+0000] {manager.py:879} INFO - 
================================================================================
DAG File Processing Stats

File Path                             PID    Runtime      # DAGs    # Errors  Last Runtime    Last Run
------------------------------------  -----  ---------  --------  ----------  --------------  -------------------
/opt/airflow/dags/reports_etl_dag.py                           0           1  -10.75s         2026-05-25T11:36:55
================================================================================
[2026-05-25T11:37:47.334+0000] {manager.py:879} INFO - 
================================================================================
DAG File Processing Stats

File Path                             PID    Runtime      # DAGs    # Errors  Last Runtime    Last Run
------------------------------------  -----  ---------  --------  ----------  --------------  -------------------
/opt/airflow/dags/reports_etl_dag.py                           0           1  0.14s           2026-05-25T11:37:26
================================================================================
[2026-05-25T11:38:17.454+0000] {manager.py:879} INFO - 
================================================================================
DAG File Processing Stats

File Path                             PID    Runtime      # DAGs    # Errors  Last Runtime    Last Run
------------------------------------  -----  ---------  --------  ----------  --------------  -------------------
/opt/airflow/dags/reports_etl_dag.py                           0           1  -11.46s         2026-05-25T11:37:50
================================================================================
[2026-05-25T11:38:47.921+0000] {manager.py:879} INFO - 
================================================================================
DAG File Processing Stats

File Path                             PID    Runtime      # DAGs    # Errors  Last Runtime    Last Run
------------------------------------  -----  ---------  --------  ----------  --------------  -------------------
/opt/airflow/dags/reports_etl_dag.py                           0           1  0.11s           2026-05-25T11:38:31
================================================================================
[2026-05-25T11:39:18.231+0000] {manager.py:879} INFO - 
================================================================================
DAG File Processing Stats

File Path                             PID    Runtime      # DAGs    # Errors  Last Runtime    Last Run
------------------------------------  -----  ---------  --------  ----------  --------------  -------------------
/opt/airflow/dags/reports_etl_dag.py                           0           1  0.09s           2026-05-25T11:39:02
================================================================================
[2026-05-25T11:39:48.919+0000] {manager.py:879} INFO - 
================================================================================
DAG File Processing Stats

File Path                             PID    Runtime      # DAGs    # Errors  Last Runtime    Last Run
------------------------------------  -----  ---------  --------  ----------  --------------  -------------------
/opt/airflow/dags/reports_etl_dag.py                           0           1  0.13s           2026-05-25T11:39:32
================================================================================
[2026-05-25T11:40:19.656+0000] {manager.py:879} INFO - 
================================================================================
DAG File Processing Stats

File Path                             PID    Runtime      # DAGs    # Errors  Last Runtime    Last Run
------------------------------------  -----  ---------  --------  ----------  --------------  -------------------
/opt/airflow/dags/reports_etl_dag.py                           0           1  0.17s           2026-05-25T11:40:07
================================================================================
[2026-05-25T11:40:45.327+0000] {manager.py:738} INFO - Searching for files in /opt/airflow/dags
[2026-05-25T11:40:45.350+0000] {manager.py:741} INFO - There are 1 files in /opt/airflow/dags
[2026-05-25T11:40:50.215+0000] {manager.py:879} INFO - 
================================================================================
DAG File Processing Stats

File Path                             PID    Runtime      # DAGs    # Errors  Last Runtime    Last Run
------------------------------------  -----  ---------  --------  ----------  --------------  -------------------
/opt/airflow/dags/reports_etl_dag.py                           0           1  0.15s           2026-05-25T11:40:37
================================================================================
[2026-05-25T11:41:32.561+0000] {manager.py:879} INFO - 
================================================================================
DAG File Processing Stats

File Path                             PID    Runtime      # DAGs    # Errors  Last Runtime    Last Run
------------------------------------  -----  ---------  --------  ----------  --------------  -------------------
/opt/airflow/dags/reports_etl_dag.py                           0           1  0.23s           2026-05-25T11:41:08
================================================================================
[2026-05-25T11:41:32.241+0000] {manager.py:451} INFO - Exiting gracefully upon receiving signal 15
