[2026-06-06T03:05:01.428+0000] {processor.py:161} INFO - Started process (PID=163) to work on /opt/airflow/dags/reports_etl_dag.py
[2026-06-06T03:05:01.457+0000] {processor.py:830} INFO - Processing file /opt/airflow/dags/reports_etl_dag.py for tasks to queue
[2026-06-06T03:05:01.475+0000] {logging_mixin.py:188} INFO - [2026-06-06T03:05:01.473+0000] {dagbag.py:538} INFO - Filling up the DagBag from /opt/airflow/dags/reports_etl_dag.py
[2026-06-06T03:05:02.661+0000] {processor.py:840} INFO - DAG(s) 'reports_etl_dag' retrieved from /opt/airflow/dags/reports_etl_dag.py
[2026-06-06T03:05:04.102+0000] {logging_mixin.py:188} INFO - [2026-06-06T03:05:04.101+0000] {override.py:1769} INFO - Created Permission View: can edit on DAG:reports_etl_dag
[2026-06-06T03:05:04.144+0000] {logging_mixin.py:188} INFO - [2026-06-06T03:05:04.144+0000] {override.py:1769} INFO - Created Permission View: can read on DAG:reports_etl_dag
[2026-06-06T03:05:04.188+0000] {logging_mixin.py:188} INFO - [2026-06-06T03:05:04.188+0000] {override.py:1769} INFO - Created Permission View: can delete on DAG:reports_etl_dag
[2026-06-06T03:05:04.189+0000] {logging_mixin.py:188} INFO - [2026-06-06T03:05:04.189+0000] {dag.py:3036} INFO - Sync 1 DAGs
[2026-06-06T03:05:04.238+0000] {logging_mixin.py:188} INFO - [2026-06-06T03:05:04.238+0000] {dag.py:3058} INFO - Creating ORM DAG for reports_etl_dag
[2026-06-06T03:05:04.267+0000] {logging_mixin.py:188} INFO - [2026-06-06T03:05:04.267+0000] {dag.py:3823} INFO - Setting next_dagrun for reports_etl_dag to 2026-06-05 02:00:00+00:00, run_after=2026-06-06 02:00:00+00:00
[2026-06-06T03:05:04.364+0000] {processor.py:183} INFO - Processing /opt/airflow/dags/reports_etl_dag.py took 2.945 seconds
[2026-06-06T03:05:35.086+0000] {processor.py:161} INFO - Started process (PID=168) to work on /opt/airflow/dags/reports_etl_dag.py
[2026-06-06T03:05:35.093+0000] {processor.py:830} INFO - Processing file /opt/airflow/dags/reports_etl_dag.py for tasks to queue
[2026-06-06T03:05:35.095+0000] {logging_mixin.py:188} INFO - [2026-06-06T03:05:35.094+0000] {dagbag.py:538} INFO - Filling up the DagBag from /opt/airflow/dags/reports_etl_dag.py
[2026-06-06T03:05:35.663+0000] {processor.py:840} INFO - DAG(s) 'reports_etl_dag' retrieved from /opt/airflow/dags/reports_etl_dag.py
[2026-06-06T03:05:35.782+0000] {logging_mixin.py:188} INFO - [2026-06-06T03:05:35.781+0000] {dag.py:3036} INFO - Sync 1 DAGs
[2026-06-06T03:05:35.830+0000] {logging_mixin.py:188} INFO - [2026-06-06T03:05:35.830+0000] {dag.py:3823} INFO - Setting next_dagrun for reports_etl_dag to 2026-06-05 02:00:00+00:00, run_after=2026-06-06 02:00:00+00:00
[2026-06-06T03:05:36.060+0000] {processor.py:183} INFO - Processing /opt/airflow/dags/reports_etl_dag.py took 0.978 seconds
[2026-06-06T03:06:07.771+0000] {processor.py:161} INFO - Started process (PID=173) to work on /opt/airflow/dags/reports_etl_dag.py
[2026-06-06T03:06:07.786+0000] {processor.py:830} INFO - Processing file /opt/airflow/dags/reports_etl_dag.py for tasks to queue
[2026-06-06T03:06:07.834+0000] {logging_mixin.py:188} INFO - [2026-06-06T03:06:07.833+0000] {dagbag.py:538} INFO - Filling up the DagBag from /opt/airflow/dags/reports_etl_dag.py
[2026-06-06T03:06:12.288+0000] {processor.py:840} INFO - DAG(s) 'reports_etl_dag' retrieved from /opt/airflow/dags/reports_etl_dag.py
[2026-06-06T03:06:12.420+0000] {logging_mixin.py:188} INFO - [2026-06-06T03:06:12.420+0000] {dag.py:3036} INFO - Sync 1 DAGs
[2026-06-06T03:06:12.510+0000] {logging_mixin.py:188} INFO - [2026-06-06T03:06:12.509+0000] {dag.py:3823} INFO - Setting next_dagrun for reports_etl_dag to 2026-06-05 02:00:00+00:00, run_after=2026-06-06 02:00:00+00:00
[2026-06-06T03:06:12.609+0000] {processor.py:183} INFO - Processing /opt/airflow/dags/reports_etl_dag.py took 4.866 seconds
[2026-06-06T03:06:42.958+0000] {processor.py:161} INFO - Started process (PID=178) to work on /opt/airflow/dags/reports_etl_dag.py
[2026-06-06T03:06:42.960+0000] {processor.py:830} INFO - Processing file /opt/airflow/dags/reports_etl_dag.py for tasks to queue
[2026-06-06T03:06:42.962+0000] {logging_mixin.py:188} INFO - [2026-06-06T03:06:42.962+0000] {dagbag.py:538} INFO - Filling up the DagBag from /opt/airflow/dags/reports_etl_dag.py
[2026-06-06T03:06:43.228+0000] {processor.py:840} INFO - DAG(s) 'reports_etl_dag' retrieved from /opt/airflow/dags/reports_etl_dag.py
[2026-06-06T03:06:43.261+0000] {logging_mixin.py:188} INFO - [2026-06-06T03:06:43.261+0000] {dag.py:3036} INFO - Sync 1 DAGs
[2026-06-06T03:06:43.286+0000] {logging_mixin.py:188} INFO - [2026-06-06T03:06:43.285+0000] {dag.py:3823} INFO - Setting next_dagrun for reports_etl_dag to 2026-06-05 02:00:00+00:00, run_after=2026-06-06 02:00:00+00:00
[2026-06-06T03:06:43.312+0000] {processor.py:183} INFO - Processing /opt/airflow/dags/reports_etl_dag.py took 0.358 seconds
[2026-06-06T03:07:13.688+0000] {processor.py:161} INFO - Started process (PID=183) to work on /opt/airflow/dags/reports_etl_dag.py
[2026-06-06T03:07:13.690+0000] {processor.py:830} INFO - Processing file /opt/airflow/dags/reports_etl_dag.py for tasks to queue
[2026-06-06T03:07:13.691+0000] {logging_mixin.py:188} INFO - [2026-06-06T03:07:13.691+0000] {dagbag.py:538} INFO - Filling up the DagBag from /opt/airflow/dags/reports_etl_dag.py
[2026-06-06T03:07:14.017+0000] {processor.py:840} INFO - DAG(s) 'reports_etl_dag' retrieved from /opt/airflow/dags/reports_etl_dag.py
[2026-06-06T03:07:14.052+0000] {logging_mixin.py:188} INFO - [2026-06-06T03:07:14.051+0000] {dag.py:3036} INFO - Sync 1 DAGs
[2026-06-06T03:07:14.077+0000] {logging_mixin.py:188} INFO - [2026-06-06T03:07:14.077+0000] {dag.py:3823} INFO - Setting next_dagrun for reports_etl_dag to 2026-06-05 02:00:00+00:00, run_after=2026-06-06 02:00:00+00:00
[2026-06-06T03:07:14.103+0000] {processor.py:183} INFO - Processing /opt/airflow/dags/reports_etl_dag.py took 0.419 seconds
[2026-06-06T03:07:44.451+0000] {processor.py:161} INFO - Started process (PID=188) to work on /opt/airflow/dags/reports_etl_dag.py
[2026-06-06T03:07:44.452+0000] {processor.py:830} INFO - Processing file /opt/airflow/dags/reports_etl_dag.py for tasks to queue
[2026-06-06T03:07:44.453+0000] {logging_mixin.py:188} INFO - [2026-06-06T03:07:44.453+0000] {dagbag.py:538} INFO - Filling up the DagBag from /opt/airflow/dags/reports_etl_dag.py
[2026-06-06T03:07:44.753+0000] {processor.py:840} INFO - DAG(s) 'reports_etl_dag' retrieved from /opt/airflow/dags/reports_etl_dag.py
[2026-06-06T03:07:44.815+0000] {logging_mixin.py:188} INFO - [2026-06-06T03:07:44.815+0000] {dag.py:3036} INFO - Sync 1 DAGs
[2026-06-06T03:07:44.885+0000] {logging_mixin.py:188} INFO - [2026-06-06T03:07:44.885+0000] {dag.py:3823} INFO - Setting next_dagrun for reports_etl_dag to 2026-06-05 02:00:00+00:00, run_after=2026-06-06 02:00:00+00:00
[2026-06-06T03:07:44.985+0000] {processor.py:183} INFO - Processing /opt/airflow/dags/reports_etl_dag.py took 0.538 seconds
[2026-06-06T03:08:15.304+0000] {processor.py:161} INFO - Started process (PID=193) to work on /opt/airflow/dags/reports_etl_dag.py
[2026-06-06T03:08:15.306+0000] {processor.py:830} INFO - Processing file /opt/airflow/dags/reports_etl_dag.py for tasks to queue
[2026-06-06T03:08:15.308+0000] {logging_mixin.py:188} INFO - [2026-06-06T03:08:15.307+0000] {dagbag.py:538} INFO - Filling up the DagBag from /opt/airflow/dags/reports_etl_dag.py
[2026-06-06T03:08:15.578+0000] {processor.py:840} INFO - DAG(s) 'reports_etl_dag' retrieved from /opt/airflow/dags/reports_etl_dag.py
[2026-06-06T03:08:15.611+0000] {logging_mixin.py:188} INFO - [2026-06-06T03:08:15.611+0000] {dag.py:3036} INFO - Sync 1 DAGs
[2026-06-06T03:08:15.641+0000] {logging_mixin.py:188} INFO - [2026-06-06T03:08:15.641+0000] {dag.py:3823} INFO - Setting next_dagrun for reports_etl_dag to 2026-06-05 02:00:00+00:00, run_after=2026-06-06 02:00:00+00:00
[2026-06-06T03:08:15.665+0000] {processor.py:183} INFO - Processing /opt/airflow/dags/reports_etl_dag.py took 0.365 seconds
[2026-06-06T03:08:46.335+0000] {processor.py:161} INFO - Started process (PID=198) to work on /opt/airflow/dags/reports_etl_dag.py
[2026-06-06T03:08:46.337+0000] {processor.py:830} INFO - Processing file /opt/airflow/dags/reports_etl_dag.py for tasks to queue
[2026-06-06T03:08:46.338+0000] {logging_mixin.py:188} INFO - [2026-06-06T03:08:46.338+0000] {dagbag.py:538} INFO - Filling up the DagBag from /opt/airflow/dags/reports_etl_dag.py
[2026-06-06T03:08:46.732+0000] {processor.py:840} INFO - DAG(s) 'reports_etl_dag' retrieved from /opt/airflow/dags/reports_etl_dag.py
[2026-06-06T03:08:46.785+0000] {logging_mixin.py:188} INFO - [2026-06-06T03:08:46.784+0000] {dag.py:3036} INFO - Sync 1 DAGs
[2026-06-06T03:08:46.849+0000] {logging_mixin.py:188} INFO - [2026-06-06T03:08:46.849+0000] {dag.py:3823} INFO - Setting next_dagrun for reports_etl_dag to 2026-06-05 02:00:00+00:00, run_after=2026-06-06 02:00:00+00:00
[2026-06-06T03:08:46.898+0000] {processor.py:183} INFO - Processing /opt/airflow/dags/reports_etl_dag.py took 0.567 seconds
[2026-06-06T03:09:17.215+0000] {processor.py:161} INFO - Started process (PID=203) to work on /opt/airflow/dags/reports_etl_dag.py
[2026-06-06T03:09:17.217+0000] {processor.py:830} INFO - Processing file /opt/airflow/dags/reports_etl_dag.py for tasks to queue
[2026-06-06T03:09:17.219+0000] {logging_mixin.py:188} INFO - [2026-06-06T03:09:17.218+0000] {dagbag.py:538} INFO - Filling up the DagBag from /opt/airflow/dags/reports_etl_dag.py
[2026-06-06T03:09:17.948+0000] {processor.py:840} INFO - DAG(s) 'reports_etl_dag' retrieved from /opt/airflow/dags/reports_etl_dag.py
[2026-06-06T03:09:18.067+0000] {logging_mixin.py:188} INFO - [2026-06-06T03:09:18.066+0000] {dag.py:3036} INFO - Sync 1 DAGs
[2026-06-06T03:09:18.224+0000] {logging_mixin.py:188} INFO - [2026-06-06T03:09:18.224+0000] {dag.py:3823} INFO - Setting next_dagrun for reports_etl_dag to 2026-06-05 02:00:00+00:00, run_after=2026-06-06 02:00:00+00:00
[2026-06-06T03:09:18.614+0000] {processor.py:183} INFO - Processing /opt/airflow/dags/reports_etl_dag.py took 1.414 seconds
[2026-06-06T03:09:49.642+0000] {processor.py:161} INFO - Started process (PID=208) to work on /opt/airflow/dags/reports_etl_dag.py
[2026-06-06T03:09:49.643+0000] {processor.py:830} INFO - Processing file /opt/airflow/dags/reports_etl_dag.py for tasks to queue
[2026-06-06T03:09:49.645+0000] {logging_mixin.py:188} INFO - [2026-06-06T03:09:49.644+0000] {dagbag.py:538} INFO - Filling up the DagBag from /opt/airflow/dags/reports_etl_dag.py
[2026-06-06T03:09:50.137+0000] {processor.py:840} INFO - DAG(s) 'reports_etl_dag' retrieved from /opt/airflow/dags/reports_etl_dag.py
[2026-06-06T03:09:50.263+0000] {logging_mixin.py:188} INFO - [2026-06-06T03:09:50.263+0000] {dag.py:3036} INFO - Sync 1 DAGs
[2026-06-06T03:09:50.343+0000] {logging_mixin.py:188} INFO - [2026-06-06T03:09:50.342+0000] {dag.py:3823} INFO - Setting next_dagrun for reports_etl_dag to 2026-06-05 02:00:00+00:00, run_after=2026-06-06 02:00:00+00:00
[2026-06-06T03:09:10.373+0000] {processor.py:183} INFO - Processing /opt/airflow/dags/reports_etl_dag.py took 0.868 seconds
[2026-06-06T03:09:52.628+0000] {processor.py:161} INFO - Started process (PID=213) to work on /opt/airflow/dags/reports_etl_dag.py
[2026-06-06T03:09:52.635+0000] {processor.py:830} INFO - Processing file /opt/airflow/dags/reports_etl_dag.py for tasks to queue
[2026-06-06T03:09:52.640+0000] {logging_mixin.py:188} INFO - [2026-06-06T03:09:52.639+0000] {dagbag.py:538} INFO - Filling up the DagBag from /opt/airflow/dags/reports_etl_dag.py
[2026-06-06T03:09:53.183+0000] {processor.py:840} INFO - DAG(s) 'reports_etl_dag' retrieved from /opt/airflow/dags/reports_etl_dag.py
[2026-06-06T03:09:53.245+0000] {logging_mixin.py:188} INFO - [2026-06-06T03:09:53.245+0000] {dag.py:3036} INFO - Sync 1 DAGs
[2026-06-06T03:09:53.311+0000] {logging_mixin.py:188} INFO - [2026-06-06T03:09:53.310+0000] {dag.py:3823} INFO - Setting next_dagrun for reports_etl_dag to 2026-06-05 02:00:00+00:00, run_after=2026-06-06 02:00:00+00:00
[2026-06-06T03:09:53.463+0000] {processor.py:183} INFO - Processing /opt/airflow/dags/reports_etl_dag.py took 0.850 seconds
[2026-06-06T03:10:24.187+0000] {processor.py:161} INFO - Started process (PID=218) to work on /opt/airflow/dags/reports_etl_dag.py
[2026-06-06T03:10:24.188+0000] {processor.py:830} INFO - Processing file /opt/airflow/dags/reports_etl_dag.py for tasks to queue
[2026-06-06T03:10:24.190+0000] {logging_mixin.py:188} INFO - [2026-06-06T03:10:24.189+0000] {dagbag.py:538} INFO - Filling up the DagBag from /opt/airflow/dags/reports_etl_dag.py
[2026-06-06T03:10:25.648+0000] {processor.py:840} INFO - DAG(s) 'reports_etl_dag' retrieved from /opt/airflow/dags/reports_etl_dag.py
[2026-06-06T03:10:25.766+0000] {logging_mixin.py:188} INFO - [2026-06-06T03:10:25.765+0000] {dag.py:3036} INFO - Sync 1 DAGs
[2026-06-06T03:10:25.850+0000] {logging_mixin.py:188} INFO - [2026-06-06T03:10:25.848+0000] {dag.py:3823} INFO - Setting next_dagrun for reports_etl_dag to 2026-06-05 02:00:00+00:00, run_after=2026-06-06 02:00:00+00:00
[2026-06-06T03:10:26.031+0000] {processor.py:183} INFO - Processing /opt/airflow/dags/reports_etl_dag.py took 1.851 seconds
[2026-06-06T03:10:56.630+0000] {processor.py:161} INFO - Started process (PID=223) to work on /opt/airflow/dags/reports_etl_dag.py
[2026-06-06T03:10:56.646+0000] {processor.py:830} INFO - Processing file /opt/airflow/dags/reports_etl_dag.py for tasks to queue
[2026-06-06T03:10:56.658+0000] {logging_mixin.py:188} INFO - [2026-06-06T03:10:56.656+0000] {dagbag.py:538} INFO - Filling up the DagBag from /opt/airflow/dags/reports_etl_dag.py
[2026-06-06T03:10:57.181+0000] {processor.py:840} INFO - DAG(s) 'reports_etl_dag' retrieved from /opt/airflow/dags/reports_etl_dag.py
[2026-06-06T03:10:57.303+0000] {logging_mixin.py:188} INFO - [2026-06-06T03:10:57.302+0000] {dag.py:3036} INFO - Sync 1 DAGs
[2026-06-06T03:10:57.483+0000] {logging_mixin.py:188} INFO - [2026-06-06T03:10:57.482+0000] {dag.py:3823} INFO - Setting next_dagrun for reports_etl_dag to 2026-06-05 02:00:00+00:00, run_after=2026-06-06 02:00:00+00:00
[2026-06-06T03:10:57.908+0000] {processor.py:183} INFO - Processing /opt/airflow/dags/reports_etl_dag.py took 1.284 seconds
[2026-06-06T03:11:28.873+0000] {processor.py:161} INFO - Started process (PID=228) to work on /opt/airflow/dags/reports_etl_dag.py
[2026-06-06T03:11:28.883+0000] {processor.py:830} INFO - Processing file /opt/airflow/dags/reports_etl_dag.py for tasks to queue
[2026-06-06T03:11:28.886+0000] {logging_mixin.py:188} INFO - [2026-06-06T03:11:28.886+0000] {dagbag.py:538} INFO - Filling up the DagBag from /opt/airflow/dags/reports_etl_dag.py
[2026-06-06T03:11:29.571+0000] {processor.py:840} INFO - DAG(s) 'reports_etl_dag' retrieved from /opt/airflow/dags/reports_etl_dag.py
[2026-06-06T03:11:29.709+0000] {logging_mixin.py:188} INFO - [2026-06-06T03:11:29.708+0000] {dag.py:3036} INFO - Sync 1 DAGs
[2026-06-06T03:11:29.835+0000] {logging_mixin.py:188} INFO - [2026-06-06T03:11:29.835+0000] {dag.py:3823} INFO - Setting next_dagrun for reports_etl_dag to 2026-06-05 02:00:00+00:00, run_after=2026-06-06 02:00:00+00:00
[2026-06-06T03:11:30.112+0000] {processor.py:183} INFO - Processing /opt/airflow/dags/reports_etl_dag.py took 1.244 seconds
[2026-06-06T03:12:00.217+0000] {processor.py:161} INFO - Started process (PID=233) to work on /opt/airflow/dags/reports_etl_dag.py
[2026-06-06T03:12:00.219+0000] {processor.py:830} INFO - Processing file /opt/airflow/dags/reports_etl_dag.py for tasks to queue
[2026-06-06T03:12:00.220+0000] {logging_mixin.py:188} INFO - [2026-06-06T03:12:00.220+0000] {dagbag.py:538} INFO - Filling up the DagBag from /opt/airflow/dags/reports_etl_dag.py
[2026-06-06T03:12:00.761+0000] {processor.py:840} INFO - DAG(s) 'reports_etl_dag' retrieved from /opt/airflow/dags/reports_etl_dag.py
[2026-06-06T03:12:00.822+0000] {logging_mixin.py:188} INFO - [2026-06-06T03:12:00.822+0000] {dag.py:3036} INFO - Sync 1 DAGs
[2026-06-06T03:12:00.881+0000] {logging_mixin.py:188} INFO - [2026-06-06T03:12:00.881+0000] {dag.py:3823} INFO - Setting next_dagrun for reports_etl_dag to 2026-06-05 02:00:00+00:00, run_after=2026-06-06 02:00:00+00:00
[2026-06-06T03:12:00.927+0000] {processor.py:183} INFO - Processing /opt/airflow/dags/reports_etl_dag.py took 0.714 seconds
[2026-06-06T03:12:31.051+0000] {processor.py:161} INFO - Started process (PID=238) to work on /opt/airflow/dags/reports_etl_dag.py
[2026-06-06T03:12:31.052+0000] {processor.py:830} INFO - Processing file /opt/airflow/dags/reports_etl_dag.py for tasks to queue
[2026-06-06T03:12:31.062+0000] {logging_mixin.py:188} INFO - [2026-06-06T03:12:31.058+0000] {dagbag.py:538} INFO - Filling up the DagBag from /opt/airflow/dags/reports_etl_dag.py
[2026-06-06T03:12:31.612+0000] {processor.py:840} INFO - DAG(s) 'reports_etl_dag' retrieved from /opt/airflow/dags/reports_etl_dag.py
[2026-06-06T03:12:31.687+0000] {logging_mixin.py:188} INFO - [2026-06-06T03:12:31.687+0000] {dag.py:3036} INFO - Sync 1 DAGs
[2026-06-06T03:12:31.774+0000] {logging_mixin.py:188} INFO - [2026-06-06T03:12:31.773+0000] {dag.py:3823} INFO - Setting next_dagrun for reports_etl_dag to 2026-06-05 02:00:00+00:00, run_after=2026-06-06 02:00:00+00:00
[2026-06-06T03:12:31.867+0000] {processor.py:183} INFO - Processing /opt/airflow/dags/reports_etl_dag.py took 0.821 seconds
[2026-06-06T03:13:03.482+0000] {processor.py:161} INFO - Started process (PID=243) to work on /opt/airflow/dags/reports_etl_dag.py
[2026-06-06T03:13:03.502+0000] {processor.py:830} INFO - Processing file /opt/airflow/dags/reports_etl_dag.py for tasks to queue
[2026-06-06T03:13:03.521+0000] {logging_mixin.py:188} INFO - [2026-06-06T03:13:03.521+0000] {dagbag.py:538} INFO - Filling up the DagBag from /opt/airflow/dags/reports_etl_dag.py
[2026-06-06T03:13:04.540+0000] {processor.py:840} INFO - DAG(s) 'reports_etl_dag' retrieved from /opt/airflow/dags/reports_etl_dag.py
[2026-06-06T03:13:04.862+0000] {logging_mixin.py:188} INFO - [2026-06-06T03:13:04.861+0000] {dag.py:3036} INFO - Sync 1 DAGs
[2026-06-06T03:13:05.028+0000] {logging_mixin.py:188} INFO - [2026-06-06T03:13:05.028+0000] {dag.py:3823} INFO - Setting next_dagrun for reports_etl_dag to 2026-06-05 02:00:00+00:00, run_after=2026-06-06 02:00:00+00:00
[2026-06-06T03:13:05.120+0000] {processor.py:183} INFO - Processing /opt/airflow/dags/reports_etl_dag.py took 1.643 seconds
[2026-06-06T03:13:35.351+0000] {processor.py:161} INFO - Started process (PID=248) to work on /opt/airflow/dags/reports_etl_dag.py
[2026-06-06T03:13:35.353+0000] {processor.py:830} INFO - Processing file /opt/airflow/dags/reports_etl_dag.py for tasks to queue
[2026-06-06T03:13:35.354+0000] {logging_mixin.py:188} INFO - [2026-06-06T03:13:35.354+0000] {dagbag.py:538} INFO - Filling up the DagBag from /opt/airflow/dags/reports_etl_dag.py
[2026-06-06T03:13:35.662+0000] {processor.py:840} INFO - DAG(s) 'reports_etl_dag' retrieved from /opt/airflow/dags/reports_etl_dag.py
[2026-06-06T03:13:35.698+0000] {logging_mixin.py:188} INFO - [2026-06-06T03:13:35.697+0000] {dag.py:3036} INFO - Sync 1 DAGs
[2026-06-06T03:13:35.727+0000] {logging_mixin.py:188} INFO - [2026-06-06T03:13:35.727+0000] {dag.py:3823} INFO - Setting next_dagrun for reports_etl_dag to 2026-06-05 02:00:00+00:00, run_after=2026-06-06 02:00:00+00:00
[2026-06-06T03:13:35.753+0000] {processor.py:183} INFO - Processing /opt/airflow/dags/reports_etl_dag.py took 0.407 seconds
[2026-06-06T03:14:06.583+0000] {processor.py:161} INFO - Started process (PID=253) to work on /opt/airflow/dags/reports_etl_dag.py
[2026-06-06T03:14:06.587+0000] {processor.py:830} INFO - Processing file /opt/airflow/dags/reports_etl_dag.py for tasks to queue
[2026-06-06T03:14:06.588+0000] {logging_mixin.py:188} INFO - [2026-06-06T03:14:06.588+0000] {dagbag.py:538} INFO - Filling up the DagBag from /opt/airflow/dags/reports_etl_dag.py
[2026-06-06T03:14:06.915+0000] {processor.py:840} INFO - DAG(s) 'reports_etl_dag' retrieved from /opt/airflow/dags/reports_etl_dag.py
[2026-06-06T03:14:06.949+0000] {logging_mixin.py:188} INFO - [2026-06-06T03:14:06.948+0000] {dag.py:3036} INFO - Sync 1 DAGs
[2026-06-06T03:14:06.984+0000] {logging_mixin.py:188} INFO - [2026-06-06T03:14:06.983+0000] {dag.py:3823} INFO - Setting next_dagrun for reports_etl_dag to 2026-06-05 02:00:00+00:00, run_after=2026-06-06 02:00:00+00:00
[2026-06-06T03:14:07.025+0000] {processor.py:183} INFO - Processing /opt/airflow/dags/reports_etl_dag.py took 0.446 seconds
[2026-06-06T03:14:37.582+0000] {processor.py:161} INFO - Started process (PID=258) to work on /opt/airflow/dags/reports_etl_dag.py
[2026-06-06T03:14:37.584+0000] {processor.py:830} INFO - Processing file /opt/airflow/dags/reports_etl_dag.py for tasks to queue
[2026-06-06T03:14:37.585+0000] {logging_mixin.py:188} INFO - [2026-06-06T03:14:37.585+0000] {dagbag.py:538} INFO - Filling up the DagBag from /opt/airflow/dags/reports_etl_dag.py
[2026-06-06T03:14:37.879+0000] {processor.py:840} INFO - DAG(s) 'reports_etl_dag' retrieved from /opt/airflow/dags/reports_etl_dag.py
[2026-06-06T03:14:37.919+0000] {logging_mixin.py:188} INFO - [2026-06-06T03:14:37.918+0000] {dag.py:3036} INFO - Sync 1 DAGs
[2026-06-06T03:14:37.949+0000] {logging_mixin.py:188} INFO - [2026-06-06T03:14:37.949+0000] {dag.py:3823} INFO - Setting next_dagrun for reports_etl_dag to 2026-06-05 02:00:00+00:00, run_after=2026-06-06 02:00:00+00:00
[2026-06-06T03:14:37.977+0000] {processor.py:183} INFO - Processing /opt/airflow/dags/reports_etl_dag.py took 0.400 seconds
[2026-06-06T03:15:08.142+0000] {processor.py:161} INFO - Started process (PID=263) to work on /opt/airflow/dags/reports_etl_dag.py
[2026-06-06T03:15:08.145+0000] {processor.py:830} INFO - Processing file /opt/airflow/dags/reports_etl_dag.py for tasks to queue
[2026-06-06T03:15:08.146+0000] {logging_mixin.py:188} INFO - [2026-06-06T03:15:08.146+0000] {dagbag.py:538} INFO - Filling up the DagBag from /opt/airflow/dags/reports_etl_dag.py
[2026-06-06T03:15:08.431+0000] {processor.py:840} INFO - DAG(s) 'reports_etl_dag' retrieved from /opt/airflow/dags/reports_etl_dag.py
[2026-06-06T03:15:08.467+0000] {logging_mixin.py:188} INFO - [2026-06-06T03:15:08.467+0000] {dag.py:3036} INFO - Sync 1 DAGs
[2026-06-06T03:15:08.498+0000] {logging_mixin.py:188} INFO - [2026-06-06T03:15:08.498+0000] {dag.py:3823} INFO - Setting next_dagrun for reports_etl_dag to 2026-06-05 02:00:00+00:00, run_after=2026-06-06 02:00:00+00:00
[2026-06-06T03:15:08.534+0000] {processor.py:183} INFO - Processing /opt/airflow/dags/reports_etl_dag.py took 0.397 seconds
[2026-06-06T03:15:38.657+0000] {processor.py:161} INFO - Started process (PID=268) to work on /opt/airflow/dags/reports_etl_dag.py
[2026-06-06T03:15:38.659+0000] {processor.py:830} INFO - Processing file /opt/airflow/dags/reports_etl_dag.py for tasks to queue
[2026-06-06T03:15:38.660+0000] {logging_mixin.py:188} INFO - [2026-06-06T03:15:38.660+0000] {dagbag.py:538} INFO - Filling up the DagBag from /opt/airflow/dags/reports_etl_dag.py
[2026-06-06T03:15:39.023+0000] {processor.py:840} INFO - DAG(s) 'reports_etl_dag' retrieved from /opt/airflow/dags/reports_etl_dag.py
[2026-06-06T03:15:39.065+0000] {logging_mixin.py:188} INFO - [2026-06-06T03:15:39.065+0000] {dag.py:3036} INFO - Sync 1 DAGs
[2026-06-06T03:15:39.095+0000] {logging_mixin.py:188} INFO - [2026-06-06T03:15:39.095+0000] {dag.py:3823} INFO - Setting next_dagrun for reports_etl_dag to 2026-06-05 02:00:00+00:00, run_after=2026-06-06 02:00:00+00:00
[2026-06-06T03:15:39.122+0000] {processor.py:183} INFO - Processing /opt/airflow/dags/reports_etl_dag.py took 0.469 seconds
[2026-06-06T03:16:09.317+0000] {processor.py:161} INFO - Started process (PID=273) to work on /opt/airflow/dags/reports_etl_dag.py
[2026-06-06T03:16:09.319+0000] {processor.py:830} INFO - Processing file /opt/airflow/dags/reports_etl_dag.py for tasks to queue
[2026-06-06T03:16:09.320+0000] {logging_mixin.py:188} INFO - [2026-06-06T03:16:09.320+0000] {dagbag.py:538} INFO - Filling up the DagBag from /opt/airflow/dags/reports_etl_dag.py
[2026-06-06T03:16:09.665+0000] {processor.py:840} INFO - DAG(s) 'reports_etl_dag' retrieved from /opt/airflow/dags/reports_etl_dag.py
[2026-06-06T03:16:09.705+0000] {logging_mixin.py:188} INFO - [2026-06-06T03:16:09.705+0000] {dag.py:3036} INFO - Sync 1 DAGs
[2026-06-06T03:16:09.740+0000] {logging_mixin.py:188} INFO - [2026-06-06T03:16:09.738+0000] {dag.py:3823} INFO - Setting next_dagrun for reports_etl_dag to 2026-06-05 02:00:00+00:00, run_after=2026-06-06 02:00:00+00:00
[2026-06-06T03:16:09.777+0000] {processor.py:183} INFO - Processing /opt/airflow/dags/reports_etl_dag.py took 0.464 seconds
[2026-06-06T03:16:40.457+0000] {processor.py:161} INFO - Started process (PID=278) to work on /opt/airflow/dags/reports_etl_dag.py
[2026-06-06T03:16:40.459+0000] {processor.py:830} INFO - Processing file /opt/airflow/dags/reports_etl_dag.py for tasks to queue
[2026-06-06T03:16:40.460+0000] {logging_mixin.py:188} INFO - [2026-06-06T03:16:40.460+0000] {dagbag.py:538} INFO - Filling up the DagBag from /opt/airflow/dags/reports_etl_dag.py
[2026-06-06T03:16:40.777+0000] {processor.py:840} INFO - DAG(s) 'reports_etl_dag' retrieved from /opt/airflow/dags/reports_etl_dag.py
[2026-06-06T03:16:40.826+0000] {logging_mixin.py:188} INFO - [2026-06-06T03:16:40.826+0000] {dag.py:3036} INFO - Sync 1 DAGs
[2026-06-06T03:16:40.872+0000] {logging_mixin.py:188} INFO - [2026-06-06T03:16:40.871+0000] {dag.py:3823} INFO - Setting next_dagrun for reports_etl_dag to 2026-06-05 02:00:00+00:00, run_after=2026-06-06 02:00:00+00:00
[2026-06-06T03:16:40.904+0000] {processor.py:183} INFO - Processing /opt/airflow/dags/reports_etl_dag.py took 0.452 seconds
[2026-06-06T03:17:11.068+0000] {processor.py:161} INFO - Started process (PID=283) to work on /opt/airflow/dags/reports_etl_dag.py
[2026-06-06T03:17:11.069+0000] {processor.py:830} INFO - Processing file /opt/airflow/dags/reports_etl_dag.py for tasks to queue
[2026-06-06T03:17:11.071+0000] {logging_mixin.py:188} INFO - [2026-06-06T03:17:11.070+0000] {dagbag.py:538} INFO - Filling up the DagBag from /opt/airflow/dags/reports_etl_dag.py
[2026-06-06T03:17:11.371+0000] {processor.py:840} INFO - DAG(s) 'reports_etl_dag' retrieved from /opt/airflow/dags/reports_etl_dag.py
[2026-06-06T03:17:11.407+0000] {logging_mixin.py:188} INFO - [2026-06-06T03:17:11.407+0000] {dag.py:3036} INFO - Sync 1 DAGs
[2026-06-06T03:17:11.437+0000] {logging_mixin.py:188} INFO - [2026-06-06T03:17:11.436+0000] {dag.py:3823} INFO - Setting next_dagrun for reports_etl_dag to 2026-06-05 02:00:00+00:00, run_after=2026-06-06 02:00:00+00:00
[2026-06-06T03:17:11.465+0000] {processor.py:183} INFO - Processing /opt/airflow/dags/reports_etl_dag.py took 0.401 seconds
[2026-06-06T03:17:41.577+0000] {processor.py:161} INFO - Started process (PID=288) to work on /opt/airflow/dags/reports_etl_dag.py
[2026-06-06T03:17:41.578+0000] {processor.py:830} INFO - Processing file /opt/airflow/dags/reports_etl_dag.py for tasks to queue
[2026-06-06T03:17:41.580+0000] {logging_mixin.py:188} INFO - [2026-06-06T03:17:41.579+0000] {dagbag.py:538} INFO - Filling up the DagBag from /opt/airflow/dags/reports_etl_dag.py
[2026-06-06T03:17:41.936+0000] {processor.py:840} INFO - DAG(s) 'reports_etl_dag' retrieved from /opt/airflow/dags/reports_etl_dag.py
[2026-06-06T03:17:41.981+0000] {logging_mixin.py:188} INFO - [2026-06-06T03:17:41.981+0000] {dag.py:3036} INFO - Sync 1 DAGs
[2026-06-06T03:17:42.014+0000] {logging_mixin.py:188} INFO - [2026-06-06T03:17:42.013+0000] {dag.py:3823} INFO - Setting next_dagrun for reports_etl_dag to 2026-06-05 02:00:00+00:00, run_after=2026-06-06 02:00:00+00:00
[2026-06-06T03:17:42.045+0000] {processor.py:183} INFO - Processing /opt/airflow/dags/reports_etl_dag.py took 0.473 seconds
[2026-06-06T03:18:12.744+0000] {processor.py:161} INFO - Started process (PID=293) to work on /opt/airflow/dags/reports_etl_dag.py
[2026-06-06T03:18:12.746+0000] {processor.py:830} INFO - Processing file /opt/airflow/dags/reports_etl_dag.py for tasks to queue
[2026-06-06T03:18:12.748+0000] {logging_mixin.py:188} INFO - [2026-06-06T03:18:12.747+0000] {dagbag.py:538} INFO - Filling up the DagBag from /opt/airflow/dags/reports_etl_dag.py
[2026-06-06T03:18:13.300+0000] {processor.py:840} INFO - DAG(s) 'reports_etl_dag' retrieved from /opt/airflow/dags/reports_etl_dag.py
[2026-06-06T03:18:13.335+0000] {logging_mixin.py:188} INFO - [2026-06-06T03:18:13.335+0000] {dag.py:3036} INFO - Sync 1 DAGs
[2026-06-06T03:18:13.364+0000] {logging_mixin.py:188} INFO - [2026-06-06T03:18:13.364+0000] {dag.py:3823} INFO - Setting next_dagrun for reports_etl_dag to 2026-06-05 02:00:00+00:00, run_after=2026-06-06 02:00:00+00:00
[2026-06-06T03:18:13.392+0000] {processor.py:183} INFO - Processing /opt/airflow/dags/reports_etl_dag.py took 0.657 seconds
[2026-06-06T03:18:43.763+0000] {processor.py:161} INFO - Started process (PID=298) to work on /opt/airflow/dags/reports_etl_dag.py
[2026-06-06T03:18:43.765+0000] {processor.py:830} INFO - Processing file /opt/airflow/dags/reports_etl_dag.py for tasks to queue
[2026-06-06T03:18:43.766+0000] {logging_mixin.py:188} INFO - [2026-06-06T03:18:43.766+0000] {dagbag.py:538} INFO - Filling up the DagBag from /opt/airflow/dags/reports_etl_dag.py
[2026-06-06T03:18:44.127+0000] {processor.py:840} INFO - DAG(s) 'reports_etl_dag' retrieved from /opt/airflow/dags/reports_etl_dag.py
[2026-06-06T03:18:44.188+0000] {logging_mixin.py:188} INFO - [2026-06-06T03:18:44.188+0000] {dag.py:3036} INFO - Sync 1 DAGs
[2026-06-06T03:18:44.230+0000] {logging_mixin.py:188} INFO - [2026-06-06T03:18:44.229+0000] {dag.py:3823} INFO - Setting next_dagrun for reports_etl_dag to 2026-06-05 02:00:00+00:00, run_after=2026-06-06 02:00:00+00:00
[2026-06-06T03:18:44.273+0000] {processor.py:183} INFO - Processing /opt/airflow/dags/reports_etl_dag.py took 0.514 seconds
[2026-06-06T03:19:14.372+0000] {processor.py:161} INFO - Started process (PID=303) to work on /opt/airflow/dags/reports_etl_dag.py
[2026-06-06T03:19:14.373+0000] {processor.py:830} INFO - Processing file /opt/airflow/dags/reports_etl_dag.py for tasks to queue
[2026-06-06T03:19:14.375+0000] {logging_mixin.py:188} INFO - [2026-06-06T03:19:14.374+0000] {dagbag.py:538} INFO - Filling up the DagBag from /opt/airflow/dags/reports_etl_dag.py
[2026-06-06T03:19:14.792+0000] {processor.py:840} INFO - DAG(s) 'reports_etl_dag' retrieved from /opt/airflow/dags/reports_etl_dag.py
[2026-06-06T03:19:14.837+0000] {logging_mixin.py:188} INFO - [2026-06-06T03:19:14.837+0000] {dag.py:3036} INFO - Sync 1 DAGs
[2026-06-06T03:19:14.870+0000] {logging_mixin.py:188} INFO - [2026-06-06T03:19:14.870+0000] {dag.py:3823} INFO - Setting next_dagrun for reports_etl_dag to 2026-06-05 02:00:00+00:00, run_after=2026-06-06 02:00:00+00:00
[2026-06-06T03:19:14.900+0000] {processor.py:183} INFO - Processing /opt/airflow/dags/reports_etl_dag.py took 0.533 seconds
[2026-06-06T03:19:45.014+0000] {processor.py:161} INFO - Started process (PID=308) to work on /opt/airflow/dags/reports_etl_dag.py
[2026-06-06T03:19:45.016+0000] {processor.py:830} INFO - Processing file /opt/airflow/dags/reports_etl_dag.py for tasks to queue
[2026-06-06T03:19:45.017+0000] {logging_mixin.py:188} INFO - [2026-06-06T03:19:45.017+0000] {dagbag.py:538} INFO - Filling up the DagBag from /opt/airflow/dags/reports_etl_dag.py
[2026-06-06T03:19:45.639+0000] {processor.py:840} INFO - DAG(s) 'reports_etl_dag' retrieved from /opt/airflow/dags/reports_etl_dag.py
[2026-06-06T03:19:45.700+0000] {logging_mixin.py:188} INFO - [2026-06-06T03:19:45.700+0000] {dag.py:3036} INFO - Sync 1 DAGs
[2026-06-06T03:19:45.756+0000] {logging_mixin.py:188} INFO - [2026-06-06T03:19:45.755+0000] {dag.py:3823} INFO - Setting next_dagrun for reports_etl_dag to 2026-06-05 02:00:00+00:00, run_after=2026-06-06 02:00:00+00:00
[2026-06-06T03:19:45.841+0000] {processor.py:183} INFO - Processing /opt/airflow/dags/reports_etl_dag.py took 0.832 seconds
[2026-06-06T03:20:16.189+0000] {processor.py:161} INFO - Started process (PID=313) to work on /opt/airflow/dags/reports_etl_dag.py
[2026-06-06T03:20:16.192+0000] {processor.py:830} INFO - Processing file /opt/airflow/dags/reports_etl_dag.py for tasks to queue
[2026-06-06T03:20:16.193+0000] {logging_mixin.py:188} INFO - [2026-06-06T03:20:16.193+0000] {dagbag.py:538} INFO - Filling up the DagBag from /opt/airflow/dags/reports_etl_dag.py
[2026-06-06T03:20:16.518+0000] {processor.py:840} INFO - DAG(s) 'reports_etl_dag' retrieved from /opt/airflow/dags/reports_etl_dag.py
[2026-06-06T03:20:16.567+0000] {logging_mixin.py:188} INFO - [2026-06-06T03:20:16.567+0000] {dag.py:3036} INFO - Sync 1 DAGs
[2026-06-06T03:20:16.606+0000] {logging_mixin.py:188} INFO - [2026-06-06T03:20:16.606+0000] {dag.py:3823} INFO - Setting next_dagrun for reports_etl_dag to 2026-06-05 02:00:00+00:00, run_after=2026-06-06 02:00:00+00:00
[2026-06-06T03:20:16.644+0000] {processor.py:183} INFO - Processing /opt/airflow/dags/reports_etl_dag.py took 0.459 seconds
