[2026-06-07T12:04:27.334+0000] {processor.py:161} INFO - Started process (PID=164) to work on /opt/airflow/dags/reports_etl_dag.py
[2026-06-07T12:04:27.341+0000] {processor.py:830} INFO - Processing file /opt/airflow/dags/reports_etl_dag.py for tasks to queue
[2026-06-07T12:04:27.369+0000] {logging_mixin.py:188} INFO - [2026-06-07T12:04:27.369+0000] {dagbag.py:538} INFO - Filling up the DagBag from /opt/airflow/dags/reports_etl_dag.py
[2026-06-07T12:04:28.749+0000] {processor.py:840} INFO - DAG(s) 'reports_etl_dag' retrieved from /opt/airflow/dags/reports_etl_dag.py
[2026-06-07T12:04:29.964+0000] {logging_mixin.py:188} INFO - [2026-06-07T12:04:29.963+0000] {override.py:1769} INFO - Created Permission View: can edit on DAG:reports_etl_dag
[2026-06-07T12:04:30.031+0000] {logging_mixin.py:188} INFO - [2026-06-07T12:04:30.030+0000] {override.py:1769} INFO - Created Permission View: can read on DAG:reports_etl_dag
[2026-06-07T12:04:30.074+0000] {logging_mixin.py:188} INFO - [2026-06-07T12:04:30.073+0000] {override.py:1769} INFO - Created Permission View: can delete on DAG:reports_etl_dag
[2026-06-07T12:04:30.076+0000] {logging_mixin.py:188} INFO - [2026-06-07T12:04:30.076+0000] {dag.py:3036} INFO - Sync 1 DAGs
[2026-06-07T12:04:30.096+0000] {logging_mixin.py:188} INFO - [2026-06-07T12:04:30.096+0000] {dag.py:3058} INFO - Creating ORM DAG for reports_etl_dag
[2026-06-07T12:04:30.111+0000] {logging_mixin.py:188} INFO - [2026-06-07T12:04:30.111+0000] {dag.py:3823} INFO - Setting next_dagrun for reports_etl_dag to 2026-06-06 02:00:00+00:00, run_after=2026-06-07 02:00:00+00:00
[2026-06-07T12:04:30.196+0000] {processor.py:183} INFO - Processing /opt/airflow/dags/reports_etl_dag.py took 2.864 seconds
[2026-06-07T12:05:01.287+0000] {processor.py:161} INFO - Started process (PID=171) to work on /opt/airflow/dags/reports_etl_dag.py
[2026-06-07T12:05:01.300+0000] {processor.py:830} INFO - Processing file /opt/airflow/dags/reports_etl_dag.py for tasks to queue
[2026-06-07T12:05:01.318+0000] {logging_mixin.py:188} INFO - [2026-06-07T12:05:01.316+0000] {dagbag.py:538} INFO - Filling up the DagBag from /opt/airflow/dags/reports_etl_dag.py
[2026-06-07T12:05:02.500+0000] {processor.py:840} INFO - DAG(s) 'reports_etl_dag' retrieved from /opt/airflow/dags/reports_etl_dag.py
[2026-06-07T12:05:02.670+0000] {logging_mixin.py:188} INFO - [2026-06-07T12:05:02.670+0000] {dag.py:3036} INFO - Sync 1 DAGs
[2026-06-07T12:05:02.757+0000] {logging_mixin.py:188} INFO - [2026-06-07T12:05:02.757+0000] {dag.py:3823} INFO - Setting next_dagrun for reports_etl_dag to 2026-06-06 02:00:00+00:00, run_after=2026-06-07 02:00:00+00:00
[2026-06-07T12:05:02.843+0000] {processor.py:183} INFO - Processing /opt/airflow/dags/reports_etl_dag.py took 1.573 seconds
[2026-06-07T12:05:33.566+0000] {processor.py:161} INFO - Started process (PID=176) to work on /opt/airflow/dags/reports_etl_dag.py
[2026-06-07T12:05:33.573+0000] {processor.py:830} INFO - Processing file /opt/airflow/dags/reports_etl_dag.py for tasks to queue
[2026-06-07T12:05:33.578+0000] {logging_mixin.py:188} INFO - [2026-06-07T12:05:33.577+0000] {dagbag.py:538} INFO - Filling up the DagBag from /opt/airflow/dags/reports_etl_dag.py
[2026-06-07T12:05:34.093+0000] {processor.py:840} INFO - DAG(s) 'reports_etl_dag' retrieved from /opt/airflow/dags/reports_etl_dag.py
[2026-06-07T12:05:34.149+0000] {logging_mixin.py:188} INFO - [2026-06-07T12:05:34.147+0000] {dag.py:3036} INFO - Sync 1 DAGs
[2026-06-07T12:05:34.219+0000] {logging_mixin.py:188} INFO - [2026-06-07T12:05:34.219+0000] {dag.py:3823} INFO - Setting next_dagrun for reports_etl_dag to 2026-06-06 02:00:00+00:00, run_after=2026-06-07 02:00:00+00:00
[2026-06-07T12:05:34.325+0000] {processor.py:183} INFO - Processing /opt/airflow/dags/reports_etl_dag.py took 0.763 seconds
[2026-06-07T12:06:05.280+0000] {processor.py:161} INFO - Started process (PID=181) to work on /opt/airflow/dags/reports_etl_dag.py
[2026-06-07T12:06:05.282+0000] {processor.py:830} INFO - Processing file /opt/airflow/dags/reports_etl_dag.py for tasks to queue
[2026-06-07T12:06:05.283+0000] {logging_mixin.py:188} INFO - [2026-06-07T12:06:05.283+0000] {dagbag.py:538} INFO - Filling up the DagBag from /opt/airflow/dags/reports_etl_dag.py
[2026-06-07T12:06:05.660+0000] {processor.py:840} INFO - DAG(s) 'reports_etl_dag' retrieved from /opt/airflow/dags/reports_etl_dag.py
[2026-06-07T12:06:05.705+0000] {logging_mixin.py:188} INFO - [2026-06-07T12:06:05.705+0000] {dag.py:3036} INFO - Sync 1 DAGs
[2026-06-07T12:06:05.736+0000] {logging_mixin.py:188} INFO - [2026-06-07T12:06:05.736+0000] {dag.py:3823} INFO - Setting next_dagrun for reports_etl_dag to 2026-06-06 02:00:00+00:00, run_after=2026-06-07 02:00:00+00:00
[2026-06-07T12:06:05.766+0000] {processor.py:183} INFO - Processing /opt/airflow/dags/reports_etl_dag.py took 0.490 seconds
[2026-06-07T12:06:36.070+0000] {processor.py:161} INFO - Started process (PID=186) to work on /opt/airflow/dags/reports_etl_dag.py
[2026-06-07T12:06:36.072+0000] {processor.py:830} INFO - Processing file /opt/airflow/dags/reports_etl_dag.py for tasks to queue
[2026-06-07T12:06:36.073+0000] {logging_mixin.py:188} INFO - [2026-06-07T12:06:36.073+0000] {dagbag.py:538} INFO - Filling up the DagBag from /opt/airflow/dags/reports_etl_dag.py
[2026-06-07T12:06:36.337+0000] {processor.py:840} INFO - DAG(s) 'reports_etl_dag' retrieved from /opt/airflow/dags/reports_etl_dag.py
[2026-06-07T12:06:36.371+0000] {logging_mixin.py:188} INFO - [2026-06-07T12:06:36.371+0000] {dag.py:3036} INFO - Sync 1 DAGs
[2026-06-07T12:06:36.400+0000] {logging_mixin.py:188} INFO - [2026-06-07T12:06:36.400+0000] {dag.py:3823} INFO - Setting next_dagrun for reports_etl_dag to 2026-06-06 02:00:00+00:00, run_after=2026-06-07 02:00:00+00:00
[2026-06-07T12:06:36.431+0000] {processor.py:183} INFO - Processing /opt/airflow/dags/reports_etl_dag.py took 0.367 seconds
[2026-06-07T12:07:07.387+0000] {processor.py:161} INFO - Started process (PID=191) to work on /opt/airflow/dags/reports_etl_dag.py
[2026-06-07T12:07:07.388+0000] {processor.py:830} INFO - Processing file /opt/airflow/dags/reports_etl_dag.py for tasks to queue
[2026-06-07T12:07:07.390+0000] {logging_mixin.py:188} INFO - [2026-06-07T12:07:07.389+0000] {dagbag.py:538} INFO - Filling up the DagBag from /opt/airflow/dags/reports_etl_dag.py
[2026-06-07T12:07:07.721+0000] {processor.py:840} INFO - DAG(s) 'reports_etl_dag' retrieved from /opt/airflow/dags/reports_etl_dag.py
[2026-06-07T12:07:07.777+0000] {logging_mixin.py:188} INFO - [2026-06-07T12:07:07.777+0000] {dag.py:3036} INFO - Sync 1 DAGs
[2026-06-07T12:07:07.845+0000] {logging_mixin.py:188} INFO - [2026-06-07T12:07:07.845+0000] {dag.py:3823} INFO - Setting next_dagrun for reports_etl_dag to 2026-06-06 02:00:00+00:00, run_after=2026-06-07 02:00:00+00:00
[2026-06-07T12:07:07.937+0000] {processor.py:183} INFO - Processing /opt/airflow/dags/reports_etl_dag.py took 0.555 seconds
[2026-06-07T12:07:38.279+0000] {processor.py:161} INFO - Started process (PID=196) to work on /opt/airflow/dags/reports_etl_dag.py
[2026-06-07T12:07:38.281+0000] {processor.py:830} INFO - Processing file /opt/airflow/dags/reports_etl_dag.py for tasks to queue
[2026-06-07T12:07:38.282+0000] {logging_mixin.py:188} INFO - [2026-06-07T12:07:38.282+0000] {dagbag.py:538} INFO - Filling up the DagBag from /opt/airflow/dags/reports_etl_dag.py
[2026-06-07T12:07:38.543+0000] {processor.py:840} INFO - DAG(s) 'reports_etl_dag' retrieved from /opt/airflow/dags/reports_etl_dag.py
[2026-06-07T12:07:38.577+0000] {logging_mixin.py:188} INFO - [2026-06-07T12:07:38.577+0000] {dag.py:3036} INFO - Sync 1 DAGs
[2026-06-07T12:07:38.603+0000] {logging_mixin.py:188} INFO - [2026-06-07T12:07:38.603+0000] {dag.py:3823} INFO - Setting next_dagrun for reports_etl_dag to 2026-06-06 02:00:00+00:00, run_after=2026-06-07 02:00:00+00:00
[2026-06-07T12:07:38.627+0000] {processor.py:183} INFO - Processing /opt/airflow/dags/reports_etl_dag.py took 0.354 seconds
[2026-06-07T12:08:08.991+0000] {processor.py:161} INFO - Started process (PID=201) to work on /opt/airflow/dags/reports_etl_dag.py
[2026-06-07T12:08:08.992+0000] {processor.py:830} INFO - Processing file /opt/airflow/dags/reports_etl_dag.py for tasks to queue
[2026-06-07T12:08:08.994+0000] {logging_mixin.py:188} INFO - [2026-06-07T12:08:08.994+0000] {dagbag.py:538} INFO - Filling up the DagBag from /opt/airflow/dags/reports_etl_dag.py
[2026-06-07T12:08:09.281+0000] {processor.py:840} INFO - DAG(s) 'reports_etl_dag' retrieved from /opt/airflow/dags/reports_etl_dag.py
[2026-06-07T12:08:09.314+0000] {logging_mixin.py:188} INFO - [2026-06-07T12:08:09.314+0000] {dag.py:3036} INFO - Sync 1 DAGs
[2026-06-07T12:08:09.351+0000] {logging_mixin.py:188} INFO - [2026-06-07T12:08:09.350+0000] {dag.py:3823} INFO - Setting next_dagrun for reports_etl_dag to 2026-06-06 02:00:00+00:00, run_after=2026-06-07 02:00:00+00:00
[2026-06-07T12:08:09.389+0000] {processor.py:183} INFO - Processing /opt/airflow/dags/reports_etl_dag.py took 0.403 seconds
[2026-06-07T12:08:39.533+0000] {processor.py:161} INFO - Started process (PID=206) to work on /opt/airflow/dags/reports_etl_dag.py
[2026-06-07T12:08:39.536+0000] {processor.py:830} INFO - Processing file /opt/airflow/dags/reports_etl_dag.py for tasks to queue
[2026-06-07T12:08:39.538+0000] {logging_mixin.py:188} INFO - [2026-06-07T12:08:39.537+0000] {dagbag.py:538} INFO - Filling up the DagBag from /opt/airflow/dags/reports_etl_dag.py
[2026-06-07T12:08:39.818+0000] {processor.py:840} INFO - DAG(s) 'reports_etl_dag' retrieved from /opt/airflow/dags/reports_etl_dag.py
[2026-06-07T12:08:39.860+0000] {logging_mixin.py:188} INFO - [2026-06-07T12:08:39.859+0000] {dag.py:3036} INFO - Sync 1 DAGs
[2026-06-07T12:08:39.894+0000] {logging_mixin.py:188} INFO - [2026-06-07T12:08:39.894+0000] {dag.py:3823} INFO - Setting next_dagrun for reports_etl_dag to 2026-06-06 02:00:00+00:00, run_after=2026-06-07 02:00:00+00:00
[2026-06-07T12:08:39.925+0000] {processor.py:183} INFO - Processing /opt/airflow/dags/reports_etl_dag.py took 0.396 seconds
[2026-06-07T12:09:10.741+0000] {processor.py:161} INFO - Started process (PID=211) to work on /opt/airflow/dags/reports_etl_dag.py
[2026-06-07T12:09:10.743+0000] {processor.py:830} INFO - Processing file /opt/airflow/dags/reports_etl_dag.py for tasks to queue
[2026-06-07T12:09:10.747+0000] {logging_mixin.py:188} INFO - [2026-06-07T12:09:10.746+0000] {dagbag.py:538} INFO - Filling up the DagBag from /opt/airflow/dags/reports_etl_dag.py
[2026-06-07T12:09:11.203+0000] {processor.py:840} INFO - DAG(s) 'reports_etl_dag' retrieved from /opt/airflow/dags/reports_etl_dag.py
[2026-06-07T12:09:11.269+0000] {logging_mixin.py:188} INFO - [2026-06-07T12:09:11.268+0000] {dag.py:3036} INFO - Sync 1 DAGs
[2026-06-07T12:09:11.308+0000] {logging_mixin.py:188} INFO - [2026-06-07T12:09:11.308+0000] {dag.py:3823} INFO - Setting next_dagrun for reports_etl_dag to 2026-06-06 02:00:00+00:00, run_after=2026-06-07 02:00:00+00:00
[2026-06-07T12:09:11.345+0000] {processor.py:183} INFO - Processing /opt/airflow/dags/reports_etl_dag.py took 0.608 seconds
[2026-06-07T12:09:41.410+0000] {processor.py:161} INFO - Started process (PID=216) to work on /opt/airflow/dags/reports_etl_dag.py
[2026-06-07T12:09:41.411+0000] {processor.py:830} INFO - Processing file /opt/airflow/dags/reports_etl_dag.py for tasks to queue
[2026-06-07T12:09:41.413+0000] {logging_mixin.py:188} INFO - [2026-06-07T12:09:41.413+0000] {dagbag.py:538} INFO - Filling up the DagBag from /opt/airflow/dags/reports_etl_dag.py
[2026-06-07T12:09:41.681+0000] {processor.py:840} INFO - DAG(s) 'reports_etl_dag' retrieved from /opt/airflow/dags/reports_etl_dag.py
[2026-06-07T12:09:41.727+0000] {logging_mixin.py:188} INFO - [2026-06-07T12:09:41.727+0000] {dag.py:3036} INFO - Sync 1 DAGs
[2026-06-07T12:09:41.755+0000] {logging_mixin.py:188} INFO - [2026-06-07T12:09:41.755+0000] {dag.py:3823} INFO - Setting next_dagrun for reports_etl_dag to 2026-06-06 02:00:00+00:00, run_after=2026-06-07 02:00:00+00:00
[2026-06-07T12:09:41.784+0000] {processor.py:183} INFO - Processing /opt/airflow/dags/reports_etl_dag.py took 0.380 seconds
[2026-06-07T12:10:12.127+0000] {processor.py:161} INFO - Started process (PID=221) to work on /opt/airflow/dags/reports_etl_dag.py
[2026-06-07T12:10:12.130+0000] {processor.py:830} INFO - Processing file /opt/airflow/dags/reports_etl_dag.py for tasks to queue
[2026-06-07T12:10:12.132+0000] {logging_mixin.py:188} INFO - [2026-06-07T12:10:12.132+0000] {dagbag.py:538} INFO - Filling up the DagBag from /opt/airflow/dags/reports_etl_dag.py
[2026-06-07T12:10:12.417+0000] {processor.py:840} INFO - DAG(s) 'reports_etl_dag' retrieved from /opt/airflow/dags/reports_etl_dag.py
[2026-06-07T12:10:12.484+0000] {logging_mixin.py:188} INFO - [2026-06-07T12:10:12.483+0000] {dag.py:3036} INFO - Sync 1 DAGs
[2026-06-07T12:10:12.536+0000] {logging_mixin.py:188} INFO - [2026-06-07T12:10:12.535+0000] {dag.py:3823} INFO - Setting next_dagrun for reports_etl_dag to 2026-06-06 02:00:00+00:00, run_after=2026-06-07 02:00:00+00:00
[2026-06-07T12:10:12.564+0000] {processor.py:183} INFO - Processing /opt/airflow/dags/reports_etl_dag.py took 0.441 seconds
[2026-06-07T12:10:42.821+0000] {processor.py:161} INFO - Started process (PID=226) to work on /opt/airflow/dags/reports_etl_dag.py
[2026-06-07T12:10:42.823+0000] {processor.py:830} INFO - Processing file /opt/airflow/dags/reports_etl_dag.py for tasks to queue
[2026-06-07T12:10:42.827+0000] {logging_mixin.py:188} INFO - [2026-06-07T12:10:42.826+0000] {dagbag.py:538} INFO - Filling up the DagBag from /opt/airflow/dags/reports_etl_dag.py
[2026-06-07T12:10:43.445+0000] {processor.py:840} INFO - DAG(s) 'reports_etl_dag' retrieved from /opt/airflow/dags/reports_etl_dag.py
[2026-06-07T12:10:43.523+0000] {logging_mixin.py:188} INFO - [2026-06-07T12:10:43.523+0000] {dag.py:3036} INFO - Sync 1 DAGs
[2026-06-07T12:10:43.597+0000] {logging_mixin.py:188} INFO - [2026-06-07T12:10:43.597+0000] {dag.py:3823} INFO - Setting next_dagrun for reports_etl_dag to 2026-06-06 02:00:00+00:00, run_after=2026-06-07 02:00:00+00:00
[2026-06-07T12:10:43.675+0000] {processor.py:183} INFO - Processing /opt/airflow/dags/reports_etl_dag.py took 0.862 seconds
[2026-06-07T12:11:14.864+0000] {processor.py:161} INFO - Started process (PID=231) to work on /opt/airflow/dags/reports_etl_dag.py
[2026-06-07T12:11:14.874+0000] {processor.py:830} INFO - Processing file /opt/airflow/dags/reports_etl_dag.py for tasks to queue
[2026-06-07T12:11:14.876+0000] {logging_mixin.py:188} INFO - [2026-06-07T12:11:14.875+0000] {dagbag.py:538} INFO - Filling up the DagBag from /opt/airflow/dags/reports_etl_dag.py
[2026-06-07T12:11:16.552+0000] {processor.py:840} INFO - DAG(s) 'reports_etl_dag' retrieved from /opt/airflow/dags/reports_etl_dag.py
[2026-06-07T12:11:16.718+0000] {logging_mixin.py:188} INFO - [2026-06-07T12:11:16.717+0000] {dag.py:3036} INFO - Sync 1 DAGs
[2026-06-07T12:11:16.914+0000] {logging_mixin.py:188} INFO - [2026-06-07T12:11:16.914+0000] {dag.py:3823} INFO - Setting next_dagrun for reports_etl_dag to 2026-06-06 02:00:00+00:00, run_after=2026-06-07 02:00:00+00:00
[2026-06-07T12:11:17.026+0000] {processor.py:183} INFO - Processing /opt/airflow/dags/reports_etl_dag.py took 2.168 seconds
[2026-06-07T12:11:47.372+0000] {processor.py:161} INFO - Started process (PID=236) to work on /opt/airflow/dags/reports_etl_dag.py
[2026-06-07T12:11:47.373+0000] {processor.py:830} INFO - Processing file /opt/airflow/dags/reports_etl_dag.py for tasks to queue
[2026-06-07T12:11:47.375+0000] {logging_mixin.py:188} INFO - [2026-06-07T12:11:47.374+0000] {dagbag.py:538} INFO - Filling up the DagBag from /opt/airflow/dags/reports_etl_dag.py
[2026-06-07T12:11:47.646+0000] {processor.py:840} INFO - DAG(s) 'reports_etl_dag' retrieved from /opt/airflow/dags/reports_etl_dag.py
[2026-06-07T12:11:47.684+0000] {logging_mixin.py:188} INFO - [2026-06-07T12:11:47.683+0000] {dag.py:3036} INFO - Sync 1 DAGs
[2026-06-07T12:11:47.722+0000] {logging_mixin.py:188} INFO - [2026-06-07T12:11:47.716+0000] {dag.py:3823} INFO - Setting next_dagrun for reports_etl_dag to 2026-06-06 02:00:00+00:00, run_after=2026-06-07 02:00:00+00:00
[2026-06-07T12:11:47.763+0000] {processor.py:183} INFO - Processing /opt/airflow/dags/reports_etl_dag.py took 0.396 seconds
[2026-06-07T12:12:18.161+0000] {processor.py:161} INFO - Started process (PID=241) to work on /opt/airflow/dags/reports_etl_dag.py
[2026-06-07T12:12:18.163+0000] {processor.py:830} INFO - Processing file /opt/airflow/dags/reports_etl_dag.py for tasks to queue
[2026-06-07T12:12:18.164+0000] {logging_mixin.py:188} INFO - [2026-06-07T12:12:18.163+0000] {dagbag.py:538} INFO - Filling up the DagBag from /opt/airflow/dags/reports_etl_dag.py
[2026-06-07T12:12:18.420+0000] {processor.py:840} INFO - DAG(s) 'reports_etl_dag' retrieved from /opt/airflow/dags/reports_etl_dag.py
[2026-06-07T12:12:18.456+0000] {logging_mixin.py:188} INFO - [2026-06-07T12:12:18.455+0000] {dag.py:3036} INFO - Sync 1 DAGs
[2026-06-07T12:12:18.488+0000] {logging_mixin.py:188} INFO - [2026-06-07T12:12:18.488+0000] {dag.py:3823} INFO - Setting next_dagrun for reports_etl_dag to 2026-06-06 02:00:00+00:00, run_after=2026-06-07 02:00:00+00:00
[2026-06-07T12:12:18.513+0000] {processor.py:183} INFO - Processing /opt/airflow/dags/reports_etl_dag.py took 0.357 seconds
[2026-06-07T12:12:48.796+0000] {processor.py:161} INFO - Started process (PID=246) to work on /opt/airflow/dags/reports_etl_dag.py
[2026-06-07T12:12:48.797+0000] {processor.py:830} INFO - Processing file /opt/airflow/dags/reports_etl_dag.py for tasks to queue
[2026-06-07T12:12:48.798+0000] {logging_mixin.py:188} INFO - [2026-06-07T12:12:48.798+0000] {dagbag.py:538} INFO - Filling up the DagBag from /opt/airflow/dags/reports_etl_dag.py
[2026-06-07T12:12:49.081+0000] {processor.py:840} INFO - DAG(s) 'reports_etl_dag' retrieved from /opt/airflow/dags/reports_etl_dag.py
[2026-06-07T12:12:49.128+0000] {logging_mixin.py:188} INFO - [2026-06-07T12:12:49.128+0000] {dag.py:3036} INFO - Sync 1 DAGs
[2026-06-07T12:12:49.167+0000] {logging_mixin.py:188} INFO - [2026-06-07T12:12:49.166+0000] {dag.py:3823} INFO - Setting next_dagrun for reports_etl_dag to 2026-06-06 02:00:00+00:00, run_after=2026-06-07 02:00:00+00:00
[2026-06-07T12:12:49.205+0000] {processor.py:183} INFO - Processing /opt/airflow/dags/reports_etl_dag.py took 0.414 seconds
[2026-06-07T12:13:19.751+0000] {processor.py:161} INFO - Started process (PID=251) to work on /opt/airflow/dags/reports_etl_dag.py
[2026-06-07T12:13:19.752+0000] {processor.py:830} INFO - Processing file /opt/airflow/dags/reports_etl_dag.py for tasks to queue
[2026-06-07T12:13:19.754+0000] {logging_mixin.py:188} INFO - [2026-06-07T12:13:19.753+0000] {dagbag.py:538} INFO - Filling up the DagBag from /opt/airflow/dags/reports_etl_dag.py
[2026-06-07T12:13:20.119+0000] {processor.py:840} INFO - DAG(s) 'reports_etl_dag' retrieved from /opt/airflow/dags/reports_etl_dag.py
[2026-06-07T12:13:20.163+0000] {logging_mixin.py:188} INFO - [2026-06-07T12:13:20.163+0000] {dag.py:3036} INFO - Sync 1 DAGs
[2026-06-07T12:13:20.192+0000] {logging_mixin.py:188} INFO - [2026-06-07T12:13:20.192+0000] {dag.py:3823} INFO - Setting next_dagrun for reports_etl_dag to 2026-06-06 02:00:00+00:00, run_after=2026-06-07 02:00:00+00:00
[2026-06-07T12:13:20.221+0000] {processor.py:183} INFO - Processing /opt/airflow/dags/reports_etl_dag.py took 0.474 seconds
[2026-06-07T12:13:50.956+0000] {processor.py:161} INFO - Started process (PID=256) to work on /opt/airflow/dags/reports_etl_dag.py
[2026-06-07T12:13:50.957+0000] {processor.py:830} INFO - Processing file /opt/airflow/dags/reports_etl_dag.py for tasks to queue
[2026-06-07T12:13:50.959+0000] {logging_mixin.py:188} INFO - [2026-06-07T12:13:50.958+0000] {dagbag.py:538} INFO - Filling up the DagBag from /opt/airflow/dags/reports_etl_dag.py
[2026-06-07T12:13:51.345+0000] {processor.py:840} INFO - DAG(s) 'reports_etl_dag' retrieved from /opt/airflow/dags/reports_etl_dag.py
[2026-06-07T12:13:51.413+0000] {logging_mixin.py:188} INFO - [2026-06-07T12:13:51.412+0000] {dag.py:3036} INFO - Sync 1 DAGs
[2026-06-07T12:13:51.463+0000] {logging_mixin.py:188} INFO - [2026-06-07T12:13:51.462+0000] {dag.py:3823} INFO - Setting next_dagrun for reports_etl_dag to 2026-06-06 02:00:00+00:00, run_after=2026-06-07 02:00:00+00:00
[2026-06-07T12:13:51.519+0000] {processor.py:183} INFO - Processing /opt/airflow/dags/reports_etl_dag.py took 0.567 seconds
[2026-06-07T12:14:22.094+0000] {processor.py:161} INFO - Started process (PID=261) to work on /opt/airflow/dags/reports_etl_dag.py
[2026-06-07T12:14:22.095+0000] {processor.py:830} INFO - Processing file /opt/airflow/dags/reports_etl_dag.py for tasks to queue
[2026-06-07T12:14:22.098+0000] {logging_mixin.py:188} INFO - [2026-06-07T12:14:22.097+0000] {dagbag.py:538} INFO - Filling up the DagBag from /opt/airflow/dags/reports_etl_dag.py
[2026-06-07T12:14:22.503+0000] {processor.py:840} INFO - DAG(s) 'reports_etl_dag' retrieved from /opt/airflow/dags/reports_etl_dag.py
[2026-06-07T12:14:22.590+0000] {logging_mixin.py:188} INFO - [2026-06-07T12:14:22.587+0000] {dag.py:3036} INFO - Sync 1 DAGs
[2026-06-07T12:14:22.653+0000] {logging_mixin.py:188} INFO - [2026-06-07T12:14:22.651+0000] {dag.py:3823} INFO - Setting next_dagrun for reports_etl_dag to 2026-06-06 02:00:00+00:00, run_after=2026-06-07 02:00:00+00:00
[2026-06-07T12:14:22.750+0000] {processor.py:183} INFO - Processing /opt/airflow/dags/reports_etl_dag.py took 0.662 seconds
[2026-06-07T12:14:53.401+0000] {processor.py:161} INFO - Started process (PID=266) to work on /opt/airflow/dags/reports_etl_dag.py
[2026-06-07T12:14:53.402+0000] {processor.py:830} INFO - Processing file /opt/airflow/dags/reports_etl_dag.py for tasks to queue
[2026-06-07T12:14:53.404+0000] {logging_mixin.py:188} INFO - [2026-06-07T12:14:53.403+0000] {dagbag.py:538} INFO - Filling up the DagBag from /opt/airflow/dags/reports_etl_dag.py
[2026-06-07T12:14:53.706+0000] {processor.py:840} INFO - DAG(s) 'reports_etl_dag' retrieved from /opt/airflow/dags/reports_etl_dag.py
[2026-06-07T12:14:53.752+0000] {logging_mixin.py:188} INFO - [2026-06-07T12:14:53.752+0000] {dag.py:3036} INFO - Sync 1 DAGs
[2026-06-07T12:14:53.787+0000] {logging_mixin.py:188} INFO - [2026-06-07T12:14:53.787+0000] {dag.py:3823} INFO - Setting next_dagrun for reports_etl_dag to 2026-06-06 02:00:00+00:00, run_after=2026-06-07 02:00:00+00:00
[2026-06-07T12:14:53.830+0000] {processor.py:183} INFO - Processing /opt/airflow/dags/reports_etl_dag.py took 0.433 seconds
[2026-06-07T12:15:24.516+0000] {processor.py:161} INFO - Started process (PID=271) to work on /opt/airflow/dags/reports_etl_dag.py
[2026-06-07T12:15:24.517+0000] {processor.py:830} INFO - Processing file /opt/airflow/dags/reports_etl_dag.py for tasks to queue
[2026-06-07T12:15:24.519+0000] {logging_mixin.py:188} INFO - [2026-06-07T12:15:24.518+0000] {dagbag.py:538} INFO - Filling up the DagBag from /opt/airflow/dags/reports_etl_dag.py
[2026-06-07T12:15:24.774+0000] {processor.py:840} INFO - DAG(s) 'reports_etl_dag' retrieved from /opt/airflow/dags/reports_etl_dag.py
[2026-06-07T12:15:24.809+0000] {logging_mixin.py:188} INFO - [2026-06-07T12:15:24.809+0000] {dag.py:3036} INFO - Sync 1 DAGs
[2026-06-07T12:15:24.835+0000] {logging_mixin.py:188} INFO - [2026-06-07T12:15:24.834+0000] {dag.py:3823} INFO - Setting next_dagrun for reports_etl_dag to 2026-06-06 02:00:00+00:00, run_after=2026-06-07 02:00:00+00:00
[2026-06-07T12:15:24.860+0000] {processor.py:183} INFO - Processing /opt/airflow/dags/reports_etl_dag.py took 0.349 seconds
[2026-06-07T12:15:55.529+0000] {processor.py:161} INFO - Started process (PID=276) to work on /opt/airflow/dags/reports_etl_dag.py
[2026-06-07T12:15:55.531+0000] {processor.py:830} INFO - Processing file /opt/airflow/dags/reports_etl_dag.py for tasks to queue
[2026-06-07T12:15:55.536+0000] {logging_mixin.py:188} INFO - [2026-06-07T12:15:55.532+0000] {dagbag.py:538} INFO - Filling up the DagBag from /opt/airflow/dags/reports_etl_dag.py
[2026-06-07T12:15:55.930+0000] {processor.py:840} INFO - DAG(s) 'reports_etl_dag' retrieved from /opt/airflow/dags/reports_etl_dag.py
[2026-06-07T12:15:55.964+0000] {logging_mixin.py:188} INFO - [2026-06-07T12:15:55.964+0000] {dag.py:3036} INFO - Sync 1 DAGs
[2026-06-07T12:15:55.991+0000] {logging_mixin.py:188} INFO - [2026-06-07T12:15:55.990+0000] {dag.py:3823} INFO - Setting next_dagrun for reports_etl_dag to 2026-06-06 02:00:00+00:00, run_after=2026-06-07 02:00:00+00:00
[2026-06-07T12:15:56.056+0000] {processor.py:183} INFO - Processing /opt/airflow/dags/reports_etl_dag.py took 0.533 seconds
[2026-06-07T12:16:26.355+0000] {processor.py:161} INFO - Started process (PID=281) to work on /opt/airflow/dags/reports_etl_dag.py
[2026-06-07T12:16:26.357+0000] {processor.py:830} INFO - Processing file /opt/airflow/dags/reports_etl_dag.py for tasks to queue
[2026-06-07T12:16:26.358+0000] {logging_mixin.py:188} INFO - [2026-06-07T12:16:26.357+0000] {dagbag.py:538} INFO - Filling up the DagBag from /opt/airflow/dags/reports_etl_dag.py
[2026-06-07T12:16:26.609+0000] {processor.py:840} INFO - DAG(s) 'reports_etl_dag' retrieved from /opt/airflow/dags/reports_etl_dag.py
[2026-06-07T12:16:26.642+0000] {logging_mixin.py:188} INFO - [2026-06-07T12:16:26.642+0000] {dag.py:3036} INFO - Sync 1 DAGs
[2026-06-07T12:16:26.667+0000] {logging_mixin.py:188} INFO - [2026-06-07T12:16:26.667+0000] {dag.py:3823} INFO - Setting next_dagrun for reports_etl_dag to 2026-06-06 02:00:00+00:00, run_after=2026-06-07 02:00:00+00:00
[2026-06-07T12:16:26.695+0000] {processor.py:183} INFO - Processing /opt/airflow/dags/reports_etl_dag.py took 0.344 seconds
[2026-06-07T12:16:56.757+0000] {processor.py:161} INFO - Started process (PID=286) to work on /opt/airflow/dags/reports_etl_dag.py
[2026-06-07T12:16:56.758+0000] {processor.py:830} INFO - Processing file /opt/airflow/dags/reports_etl_dag.py for tasks to queue
[2026-06-07T12:16:56.759+0000] {logging_mixin.py:188} INFO - [2026-06-07T12:16:56.759+0000] {dagbag.py:538} INFO - Filling up the DagBag from /opt/airflow/dags/reports_etl_dag.py
[2026-06-07T12:16:57.044+0000] {processor.py:840} INFO - DAG(s) 'reports_etl_dag' retrieved from /opt/airflow/dags/reports_etl_dag.py
[2026-06-07T12:16:57.082+0000] {logging_mixin.py:188} INFO - [2026-06-07T12:16:57.082+0000] {dag.py:3036} INFO - Sync 1 DAGs
[2026-06-07T12:16:57.112+0000] {logging_mixin.py:188} INFO - [2026-06-07T12:16:57.112+0000] {dag.py:3823} INFO - Setting next_dagrun for reports_etl_dag to 2026-06-06 02:00:00+00:00, run_after=2026-06-07 02:00:00+00:00
[2026-06-07T12:16:57.143+0000] {processor.py:183} INFO - Processing /opt/airflow/dags/reports_etl_dag.py took 0.390 seconds
[2026-06-07T12:17:27.606+0000] {processor.py:161} INFO - Started process (PID=291) to work on /opt/airflow/dags/reports_etl_dag.py
[2026-06-07T12:17:27.608+0000] {processor.py:830} INFO - Processing file /opt/airflow/dags/reports_etl_dag.py for tasks to queue
[2026-06-07T12:17:27.609+0000] {logging_mixin.py:188} INFO - [2026-06-07T12:17:27.609+0000] {dagbag.py:538} INFO - Filling up the DagBag from /opt/airflow/dags/reports_etl_dag.py
[2026-06-07T12:17:27.952+0000] {processor.py:840} INFO - DAG(s) 'reports_etl_dag' retrieved from /opt/airflow/dags/reports_etl_dag.py
[2026-06-07T12:17:27.985+0000] {logging_mixin.py:188} INFO - [2026-06-07T12:17:27.984+0000] {dag.py:3036} INFO - Sync 1 DAGs
[2026-06-07T12:17:28.012+0000] {logging_mixin.py:188} INFO - [2026-06-07T12:17:28.011+0000] {dag.py:3823} INFO - Setting next_dagrun for reports_etl_dag to 2026-06-06 02:00:00+00:00, run_after=2026-06-07 02:00:00+00:00
[2026-06-07T12:17:28.038+0000] {processor.py:183} INFO - Processing /opt/airflow/dags/reports_etl_dag.py took 0.438 seconds
[2026-06-07T12:17:58.492+0000] {processor.py:161} INFO - Started process (PID=296) to work on /opt/airflow/dags/reports_etl_dag.py
[2026-06-07T12:17:58.494+0000] {processor.py:830} INFO - Processing file /opt/airflow/dags/reports_etl_dag.py for tasks to queue
[2026-06-07T12:17:58.497+0000] {logging_mixin.py:188} INFO - [2026-06-07T12:17:58.496+0000] {dagbag.py:538} INFO - Filling up the DagBag from /opt/airflow/dags/reports_etl_dag.py
[2026-06-07T12:17:58.760+0000] {processor.py:840} INFO - DAG(s) 'reports_etl_dag' retrieved from /opt/airflow/dags/reports_etl_dag.py
[2026-06-07T12:17:58.794+0000] {logging_mixin.py:188} INFO - [2026-06-07T12:17:58.794+0000] {dag.py:3036} INFO - Sync 1 DAGs
[2026-06-07T12:17:58.822+0000] {logging_mixin.py:188} INFO - [2026-06-07T12:17:58.822+0000] {dag.py:3823} INFO - Setting next_dagrun for reports_etl_dag to 2026-06-06 02:00:00+00:00, run_after=2026-06-07 02:00:00+00:00
[2026-06-07T12:17:58.850+0000] {processor.py:183} INFO - Processing /opt/airflow/dags/reports_etl_dag.py took 0.362 seconds
[2026-06-07T12:18:29.028+0000] {processor.py:161} INFO - Started process (PID=301) to work on /opt/airflow/dags/reports_etl_dag.py
[2026-06-07T12:18:29.031+0000] {processor.py:830} INFO - Processing file /opt/airflow/dags/reports_etl_dag.py for tasks to queue
[2026-06-07T12:18:29.036+0000] {logging_mixin.py:188} INFO - [2026-06-07T12:18:29.036+0000] {dagbag.py:538} INFO - Filling up the DagBag from /opt/airflow/dags/reports_etl_dag.py
[2026-06-07T12:18:29.297+0000] {processor.py:840} INFO - DAG(s) 'reports_etl_dag' retrieved from /opt/airflow/dags/reports_etl_dag.py
[2026-06-07T12:18:29.332+0000] {logging_mixin.py:188} INFO - [2026-06-07T12:18:29.332+0000] {dag.py:3036} INFO - Sync 1 DAGs
[2026-06-07T12:18:29.360+0000] {logging_mixin.py:188} INFO - [2026-06-07T12:18:29.360+0000] {dag.py:3823} INFO - Setting next_dagrun for reports_etl_dag to 2026-06-06 02:00:00+00:00, run_after=2026-06-07 02:00:00+00:00
[2026-06-07T12:18:29.397+0000] {processor.py:183} INFO - Processing /opt/airflow/dags/reports_etl_dag.py took 0.374 seconds
[2026-06-07T12:18:59.448+0000] {processor.py:161} INFO - Started process (PID=306) to work on /opt/airflow/dags/reports_etl_dag.py
[2026-06-07T12:18:59.450+0000] {processor.py:830} INFO - Processing file /opt/airflow/dags/reports_etl_dag.py for tasks to queue
[2026-06-07T12:18:59.451+0000] {logging_mixin.py:188} INFO - [2026-06-07T12:18:59.451+0000] {dagbag.py:538} INFO - Filling up the DagBag from /opt/airflow/dags/reports_etl_dag.py
[2026-06-07T12:18:59.702+0000] {processor.py:840} INFO - DAG(s) 'reports_etl_dag' retrieved from /opt/airflow/dags/reports_etl_dag.py
[2026-06-07T12:18:59.735+0000] {logging_mixin.py:188} INFO - [2026-06-07T12:18:59.735+0000] {dag.py:3036} INFO - Sync 1 DAGs
[2026-06-07T12:18:59.761+0000] {logging_mixin.py:188} INFO - [2026-06-07T12:18:59.761+0000] {dag.py:3823} INFO - Setting next_dagrun for reports_etl_dag to 2026-06-06 02:00:00+00:00, run_after=2026-06-07 02:00:00+00:00
[2026-06-07T12:18:59.787+0000] {processor.py:183} INFO - Processing /opt/airflow/dags/reports_etl_dag.py took 0.343 seconds
[2026-06-07T12:19:30.532+0000] {processor.py:161} INFO - Started process (PID=311) to work on /opt/airflow/dags/reports_etl_dag.py
[2026-06-07T12:19:30.535+0000] {processor.py:830} INFO - Processing file /opt/airflow/dags/reports_etl_dag.py for tasks to queue
[2026-06-07T12:19:30.536+0000] {logging_mixin.py:188} INFO - [2026-06-07T12:19:30.536+0000] {dagbag.py:538} INFO - Filling up the DagBag from /opt/airflow/dags/reports_etl_dag.py
[2026-06-07T12:19:31.120+0000] {processor.py:840} INFO - DAG(s) 'reports_etl_dag' retrieved from /opt/airflow/dags/reports_etl_dag.py
[2026-06-07T12:19:31.163+0000] {logging_mixin.py:188} INFO - [2026-06-07T12:19:31.163+0000] {dag.py:3036} INFO - Sync 1 DAGs
[2026-06-07T12:19:31.193+0000] {logging_mixin.py:188} INFO - [2026-06-07T12:19:31.192+0000] {dag.py:3823} INFO - Setting next_dagrun for reports_etl_dag to 2026-06-06 02:00:00+00:00, run_after=2026-06-07 02:00:00+00:00
[2026-06-07T12:19:31.221+0000] {processor.py:183} INFO - Processing /opt/airflow/dags/reports_etl_dag.py took 0.693 seconds
[2026-06-07T12:20:01.659+0000] {processor.py:161} INFO - Started process (PID=316) to work on /opt/airflow/dags/reports_etl_dag.py
[2026-06-07T12:20:01.661+0000] {processor.py:830} INFO - Processing file /opt/airflow/dags/reports_etl_dag.py for tasks to queue
[2026-06-07T12:20:01.662+0000] {logging_mixin.py:188} INFO - [2026-06-07T12:20:01.661+0000] {dagbag.py:538} INFO - Filling up the DagBag from /opt/airflow/dags/reports_etl_dag.py
[2026-06-07T12:20:02.103+0000] {processor.py:840} INFO - DAG(s) 'reports_etl_dag' retrieved from /opt/airflow/dags/reports_etl_dag.py
[2026-06-07T12:20:02.157+0000] {logging_mixin.py:188} INFO - [2026-06-07T12:20:02.157+0000] {dag.py:3036} INFO - Sync 1 DAGs
[2026-06-07T12:20:02.202+0000] {logging_mixin.py:188} INFO - [2026-06-07T12:20:02.202+0000] {dag.py:3823} INFO - Setting next_dagrun for reports_etl_dag to 2026-06-06 02:00:00+00:00, run_after=2026-06-07 02:00:00+00:00
[2026-06-07T12:20:02.255+0000] {processor.py:183} INFO - Processing /opt/airflow/dags/reports_etl_dag.py took 0.600 seconds
[2026-06-07T12:20:32.708+0000] {processor.py:161} INFO - Started process (PID=321) to work on /opt/airflow/dags/reports_etl_dag.py
[2026-06-07T12:20:32.709+0000] {processor.py:830} INFO - Processing file /opt/airflow/dags/reports_etl_dag.py for tasks to queue
[2026-06-07T12:20:32.711+0000] {logging_mixin.py:188} INFO - [2026-06-07T12:20:32.710+0000] {dagbag.py:538} INFO - Filling up the DagBag from /opt/airflow/dags/reports_etl_dag.py
[2026-06-07T12:20:32.986+0000] {processor.py:840} INFO - DAG(s) 'reports_etl_dag' retrieved from /opt/airflow/dags/reports_etl_dag.py
[2026-06-07T12:20:33.038+0000] {logging_mixin.py:188} INFO - [2026-06-07T12:20:33.036+0000] {dag.py:3036} INFO - Sync 1 DAGs
[2026-06-07T12:20:33.098+0000] {logging_mixin.py:188} INFO - [2026-06-07T12:20:33.098+0000] {dag.py:3823} INFO - Setting next_dagrun for reports_etl_dag to 2026-06-06 02:00:00+00:00, run_after=2026-06-07 02:00:00+00:00
[2026-06-07T12:20:33.181+0000] {processor.py:183} INFO - Processing /opt/airflow/dags/reports_etl_dag.py took 0.478 seconds
[2026-06-07T12:21:03.968+0000] {processor.py:161} INFO - Started process (PID=326) to work on /opt/airflow/dags/reports_etl_dag.py
[2026-06-07T12:21:03.969+0000] {processor.py:830} INFO - Processing file /opt/airflow/dags/reports_etl_dag.py for tasks to queue
[2026-06-07T12:21:03.971+0000] {logging_mixin.py:188} INFO - [2026-06-07T12:21:03.970+0000] {dagbag.py:538} INFO - Filling up the DagBag from /opt/airflow/dags/reports_etl_dag.py
[2026-06-07T12:21:04.222+0000] {processor.py:840} INFO - DAG(s) 'reports_etl_dag' retrieved from /opt/airflow/dags/reports_etl_dag.py
[2026-06-07T12:21:04.274+0000] {logging_mixin.py:188} INFO - [2026-06-07T12:21:04.273+0000] {dag.py:3036} INFO - Sync 1 DAGs
[2026-06-07T12:21:04.304+0000] {logging_mixin.py:188} INFO - [2026-06-07T12:21:04.304+0000] {dag.py:3823} INFO - Setting next_dagrun for reports_etl_dag to 2026-06-06 02:00:00+00:00, run_after=2026-06-07 02:00:00+00:00
[2026-06-07T12:21:04.332+0000] {processor.py:183} INFO - Processing /opt/airflow/dags/reports_etl_dag.py took 0.369 seconds
[2026-06-07T12:21:35.062+0000] {processor.py:161} INFO - Started process (PID=331) to work on /opt/airflow/dags/reports_etl_dag.py
[2026-06-07T12:21:35.063+0000] {processor.py:830} INFO - Processing file /opt/airflow/dags/reports_etl_dag.py for tasks to queue
[2026-06-07T12:21:35.066+0000] {logging_mixin.py:188} INFO - [2026-06-07T12:21:35.065+0000] {dagbag.py:538} INFO - Filling up the DagBag from /opt/airflow/dags/reports_etl_dag.py
[2026-06-07T12:21:35.342+0000] {processor.py:840} INFO - DAG(s) 'reports_etl_dag' retrieved from /opt/airflow/dags/reports_etl_dag.py
[2026-06-07T12:21:35.377+0000] {logging_mixin.py:188} INFO - [2026-06-07T12:21:35.377+0000] {dag.py:3036} INFO - Sync 1 DAGs
[2026-06-07T12:21:35.407+0000] {logging_mixin.py:188} INFO - [2026-06-07T12:21:35.407+0000] {dag.py:3823} INFO - Setting next_dagrun for reports_etl_dag to 2026-06-06 02:00:00+00:00, run_after=2026-06-07 02:00:00+00:00
[2026-06-07T12:21:35.440+0000] {processor.py:183} INFO - Processing /opt/airflow/dags/reports_etl_dag.py took 0.383 seconds
[2026-06-07T12:22:05.562+0000] {processor.py:161} INFO - Started process (PID=336) to work on /opt/airflow/dags/reports_etl_dag.py
[2026-06-07T12:22:05.563+0000] {processor.py:830} INFO - Processing file /opt/airflow/dags/reports_etl_dag.py for tasks to queue
[2026-06-07T12:22:05.564+0000] {logging_mixin.py:188} INFO - [2026-06-07T12:22:05.564+0000] {dagbag.py:538} INFO - Filling up the DagBag from /opt/airflow/dags/reports_etl_dag.py
[2026-06-07T12:22:05.825+0000] {processor.py:840} INFO - DAG(s) 'reports_etl_dag' retrieved from /opt/airflow/dags/reports_etl_dag.py
[2026-06-07T12:22:05.881+0000] {logging_mixin.py:188} INFO - [2026-06-07T12:22:05.880+0000] {dag.py:3036} INFO - Sync 1 DAGs
[2026-06-07T12:22:05.931+0000] {logging_mixin.py:188} INFO - [2026-06-07T12:22:05.931+0000] {dag.py:3823} INFO - Setting next_dagrun for reports_etl_dag to 2026-06-06 02:00:00+00:00, run_after=2026-06-07 02:00:00+00:00
[2026-06-07T12:22:05.967+0000] {processor.py:183} INFO - Processing /opt/airflow/dags/reports_etl_dag.py took 0.410 seconds
[2026-06-07T12:22:36.171+0000] {processor.py:161} INFO - Started process (PID=341) to work on /opt/airflow/dags/reports_etl_dag.py
[2026-06-07T12:22:36.173+0000] {processor.py:830} INFO - Processing file /opt/airflow/dags/reports_etl_dag.py for tasks to queue
[2026-06-07T12:22:36.174+0000] {logging_mixin.py:188} INFO - [2026-06-07T12:22:36.173+0000] {dagbag.py:538} INFO - Filling up the DagBag from /opt/airflow/dags/reports_etl_dag.py
[2026-06-07T12:22:36.458+0000] {processor.py:840} INFO - DAG(s) 'reports_etl_dag' retrieved from /opt/airflow/dags/reports_etl_dag.py
[2026-06-07T12:22:36.492+0000] {logging_mixin.py:188} INFO - [2026-06-07T12:22:36.492+0000] {dag.py:3036} INFO - Sync 1 DAGs
[2026-06-07T12:22:36.517+0000] {logging_mixin.py:188} INFO - [2026-06-07T12:22:36.517+0000] {dag.py:3823} INFO - Setting next_dagrun for reports_etl_dag to 2026-06-06 02:00:00+00:00, run_after=2026-06-07 02:00:00+00:00
[2026-06-07T12:22:36.540+0000] {processor.py:183} INFO - Processing /opt/airflow/dags/reports_etl_dag.py took 0.378 seconds
[2026-06-07T12:23:07.132+0000] {processor.py:161} INFO - Started process (PID=346) to work on /opt/airflow/dags/reports_etl_dag.py
[2026-06-07T12:23:07.134+0000] {processor.py:830} INFO - Processing file /opt/airflow/dags/reports_etl_dag.py for tasks to queue
[2026-06-07T12:23:07.135+0000] {logging_mixin.py:188} INFO - [2026-06-07T12:23:07.135+0000] {dagbag.py:538} INFO - Filling up the DagBag from /opt/airflow/dags/reports_etl_dag.py
[2026-06-07T12:23:07.386+0000] {processor.py:840} INFO - DAG(s) 'reports_etl_dag' retrieved from /opt/airflow/dags/reports_etl_dag.py
[2026-06-07T12:23:07.419+0000] {logging_mixin.py:188} INFO - [2026-06-07T12:23:07.418+0000] {dag.py:3036} INFO - Sync 1 DAGs
[2026-06-07T12:23:07.442+0000] {logging_mixin.py:188} INFO - [2026-06-07T12:23:07.442+0000] {dag.py:3823} INFO - Setting next_dagrun for reports_etl_dag to 2026-06-06 02:00:00+00:00, run_after=2026-06-07 02:00:00+00:00
[2026-06-07T12:23:07.467+0000] {processor.py:183} INFO - Processing /opt/airflow/dags/reports_etl_dag.py took 0.340 seconds
[2026-06-07T12:23:38.094+0000] {processor.py:161} INFO - Started process (PID=351) to work on /opt/airflow/dags/reports_etl_dag.py
[2026-06-07T12:23:38.095+0000] {processor.py:830} INFO - Processing file /opt/airflow/dags/reports_etl_dag.py for tasks to queue
[2026-06-07T12:23:38.096+0000] {logging_mixin.py:188} INFO - [2026-06-07T12:23:38.096+0000] {dagbag.py:538} INFO - Filling up the DagBag from /opt/airflow/dags/reports_etl_dag.py
[2026-06-07T12:23:38.365+0000] {processor.py:840} INFO - DAG(s) 'reports_etl_dag' retrieved from /opt/airflow/dags/reports_etl_dag.py
[2026-06-07T12:23:38.429+0000] {logging_mixin.py:188} INFO - [2026-06-07T12:23:38.429+0000] {dag.py:3036} INFO - Sync 1 DAGs
[2026-06-07T12:23:38.456+0000] {logging_mixin.py:188} INFO - [2026-06-07T12:23:38.455+0000] {dag.py:3823} INFO - Setting next_dagrun for reports_etl_dag to 2026-06-06 02:00:00+00:00, run_after=2026-06-07 02:00:00+00:00
[2026-06-07T12:23:38.500+0000] {processor.py:183} INFO - Processing /opt/airflow/dags/reports_etl_dag.py took 0.411 seconds
[2026-06-07T12:24:08.944+0000] {processor.py:161} INFO - Started process (PID=356) to work on /opt/airflow/dags/reports_etl_dag.py
[2026-06-07T12:24:08.946+0000] {processor.py:830} INFO - Processing file /opt/airflow/dags/reports_etl_dag.py for tasks to queue
[2026-06-07T12:24:08.947+0000] {logging_mixin.py:188} INFO - [2026-06-07T12:24:08.947+0000] {dagbag.py:538} INFO - Filling up the DagBag from /opt/airflow/dags/reports_etl_dag.py
[2026-06-07T12:24:09.204+0000] {processor.py:840} INFO - DAG(s) 'reports_etl_dag' retrieved from /opt/airflow/dags/reports_etl_dag.py
[2026-06-07T12:24:09.241+0000] {logging_mixin.py:188} INFO - [2026-06-07T12:24:09.241+0000] {dag.py:3036} INFO - Sync 1 DAGs
[2026-06-07T12:24:09.268+0000] {logging_mixin.py:188} INFO - [2026-06-07T12:24:09.268+0000] {dag.py:3823} INFO - Setting next_dagrun for reports_etl_dag to 2026-06-06 02:00:00+00:00, run_after=2026-06-07 02:00:00+00:00
[2026-06-07T12:24:09.299+0000] {processor.py:183} INFO - Processing /opt/airflow/dags/reports_etl_dag.py took 0.359 seconds
[2026-06-07T12:24:39.540+0000] {processor.py:161} INFO - Started process (PID=361) to work on /opt/airflow/dags/reports_etl_dag.py
[2026-06-07T12:24:39.549+0000] {processor.py:830} INFO - Processing file /opt/airflow/dags/reports_etl_dag.py for tasks to queue
[2026-06-07T12:24:39.550+0000] {logging_mixin.py:188} INFO - [2026-06-07T12:24:39.550+0000] {dagbag.py:538} INFO - Filling up the DagBag from /opt/airflow/dags/reports_etl_dag.py
[2026-06-07T12:24:39.877+0000] {processor.py:840} INFO - DAG(s) 'reports_etl_dag' retrieved from /opt/airflow/dags/reports_etl_dag.py
[2026-06-07T12:24:39.923+0000] {logging_mixin.py:188} INFO - [2026-06-07T12:24:39.921+0000] {dag.py:3036} INFO - Sync 1 DAGs
[2026-06-07T12:24:39.956+0000] {logging_mixin.py:188} INFO - [2026-06-07T12:24:39.955+0000] {dag.py:3823} INFO - Setting next_dagrun for reports_etl_dag to 2026-06-06 02:00:00+00:00, run_after=2026-06-07 02:00:00+00:00
[2026-06-07T12:24:39.986+0000] {processor.py:183} INFO - Processing /opt/airflow/dags/reports_etl_dag.py took 0.450 seconds
[2026-06-07T12:25:10.488+0000] {processor.py:161} INFO - Started process (PID=366) to work on /opt/airflow/dags/reports_etl_dag.py
[2026-06-07T12:25:10.489+0000] {processor.py:830} INFO - Processing file /opt/airflow/dags/reports_etl_dag.py for tasks to queue
[2026-06-07T12:25:10.490+0000] {logging_mixin.py:188} INFO - [2026-06-07T12:25:10.490+0000] {dagbag.py:538} INFO - Filling up the DagBag from /opt/airflow/dags/reports_etl_dag.py
[2026-06-07T12:25:10.772+0000] {processor.py:840} INFO - DAG(s) 'reports_etl_dag' retrieved from /opt/airflow/dags/reports_etl_dag.py
[2026-06-07T12:25:10.810+0000] {logging_mixin.py:188} INFO - [2026-06-07T12:25:10.810+0000] {dag.py:3036} INFO - Sync 1 DAGs
[2026-06-07T12:25:10.836+0000] {logging_mixin.py:188} INFO - [2026-06-07T12:25:10.836+0000] {dag.py:3823} INFO - Setting next_dagrun for reports_etl_dag to 2026-06-06 02:00:00+00:00, run_after=2026-06-07 02:00:00+00:00
[2026-06-07T12:25:10.866+0000] {processor.py:183} INFO - Processing /opt/airflow/dags/reports_etl_dag.py took 0.382 seconds
[2026-06-07T12:25:41.390+0000] {processor.py:161} INFO - Started process (PID=371) to work on /opt/airflow/dags/reports_etl_dag.py
[2026-06-07T12:25:41.391+0000] {processor.py:830} INFO - Processing file /opt/airflow/dags/reports_etl_dag.py for tasks to queue
[2026-06-07T12:25:41.393+0000] {logging_mixin.py:188} INFO - [2026-06-07T12:25:41.393+0000] {dagbag.py:538} INFO - Filling up the DagBag from /opt/airflow/dags/reports_etl_dag.py
[2026-06-07T12:25:41.665+0000] {processor.py:840} INFO - DAG(s) 'reports_etl_dag' retrieved from /opt/airflow/dags/reports_etl_dag.py
[2026-06-07T12:25:41.699+0000] {logging_mixin.py:188} INFO - [2026-06-07T12:25:41.699+0000] {dag.py:3036} INFO - Sync 1 DAGs
[2026-06-07T12:25:41.725+0000] {logging_mixin.py:188} INFO - [2026-06-07T12:25:41.725+0000] {dag.py:3823} INFO - Setting next_dagrun for reports_etl_dag to 2026-06-06 02:00:00+00:00, run_after=2026-06-07 02:00:00+00:00
[2026-06-07T12:25:41.752+0000] {processor.py:183} INFO - Processing /opt/airflow/dags/reports_etl_dag.py took 0.368 seconds
[2026-06-07T12:26:12.406+0000] {processor.py:161} INFO - Started process (PID=376) to work on /opt/airflow/dags/reports_etl_dag.py
[2026-06-07T12:26:12.408+0000] {processor.py:830} INFO - Processing file /opt/airflow/dags/reports_etl_dag.py for tasks to queue
[2026-06-07T12:26:12.409+0000] {logging_mixin.py:188} INFO - [2026-06-07T12:26:12.409+0000] {dagbag.py:538} INFO - Filling up the DagBag from /opt/airflow/dags/reports_etl_dag.py
[2026-06-07T12:26:12.673+0000] {processor.py:840} INFO - DAG(s) 'reports_etl_dag' retrieved from /opt/airflow/dags/reports_etl_dag.py
[2026-06-07T12:26:12.715+0000] {logging_mixin.py:188} INFO - [2026-06-07T12:26:12.715+0000] {dag.py:3036} INFO - Sync 1 DAGs
[2026-06-07T12:26:12.749+0000] {logging_mixin.py:188} INFO - [2026-06-07T12:26:12.749+0000] {dag.py:3823} INFO - Setting next_dagrun for reports_etl_dag to 2026-06-06 02:00:00+00:00, run_after=2026-06-07 02:00:00+00:00
[2026-06-07T12:26:12.788+0000] {processor.py:183} INFO - Processing /opt/airflow/dags/reports_etl_dag.py took 0.387 seconds
[2026-06-07T12:26:42.963+0000] {processor.py:161} INFO - Started process (PID=381) to work on /opt/airflow/dags/reports_etl_dag.py
[2026-06-07T12:26:42.965+0000] {processor.py:830} INFO - Processing file /opt/airflow/dags/reports_etl_dag.py for tasks to queue
[2026-06-07T12:26:42.966+0000] {logging_mixin.py:188} INFO - [2026-06-07T12:26:42.966+0000] {dagbag.py:538} INFO - Filling up the DagBag from /opt/airflow/dags/reports_etl_dag.py
[2026-06-07T12:26:43.232+0000] {processor.py:840} INFO - DAG(s) 'reports_etl_dag' retrieved from /opt/airflow/dags/reports_etl_dag.py
[2026-06-07T12:26:43.272+0000] {logging_mixin.py:188} INFO - [2026-06-07T12:26:43.272+0000] {dag.py:3036} INFO - Sync 1 DAGs
[2026-06-07T12:26:43.305+0000] {logging_mixin.py:188} INFO - [2026-06-07T12:26:43.305+0000] {dag.py:3823} INFO - Setting next_dagrun for reports_etl_dag to 2026-06-06 02:00:00+00:00, run_after=2026-06-07 02:00:00+00:00
[2026-06-07T12:26:43.333+0000] {processor.py:183} INFO - Processing /opt/airflow/dags/reports_etl_dag.py took 0.374 seconds
[2026-06-07T12:27:13.569+0000] {processor.py:161} INFO - Started process (PID=386) to work on /opt/airflow/dags/reports_etl_dag.py
[2026-06-07T12:27:13.571+0000] {processor.py:830} INFO - Processing file /opt/airflow/dags/reports_etl_dag.py for tasks to queue
[2026-06-07T12:27:13.574+0000] {logging_mixin.py:188} INFO - [2026-06-07T12:27:13.573+0000] {dagbag.py:538} INFO - Filling up the DagBag from /opt/airflow/dags/reports_etl_dag.py
[2026-06-07T12:27:13.871+0000] {processor.py:840} INFO - DAG(s) 'reports_etl_dag' retrieved from /opt/airflow/dags/reports_etl_dag.py
[2026-06-07T12:27:13.916+0000] {logging_mixin.py:188} INFO - [2026-06-07T12:27:13.916+0000] {dag.py:3036} INFO - Sync 1 DAGs
[2026-06-07T12:27:13.951+0000] {logging_mixin.py:188} INFO - [2026-06-07T12:27:13.951+0000] {dag.py:3823} INFO - Setting next_dagrun for reports_etl_dag to 2026-06-06 02:00:00+00:00, run_after=2026-06-07 02:00:00+00:00
[2026-06-07T12:27:13.986+0000] {processor.py:183} INFO - Processing /opt/airflow/dags/reports_etl_dag.py took 0.421 seconds
[2026-06-07T12:27:44.487+0000] {processor.py:161} INFO - Started process (PID=391) to work on /opt/airflow/dags/reports_etl_dag.py
[2026-06-07T12:27:44.488+0000] {processor.py:830} INFO - Processing file /opt/airflow/dags/reports_etl_dag.py for tasks to queue
[2026-06-07T12:27:44.490+0000] {logging_mixin.py:188} INFO - [2026-06-07T12:27:44.489+0000] {dagbag.py:538} INFO - Filling up the DagBag from /opt/airflow/dags/reports_etl_dag.py
[2026-06-07T12:27:44.742+0000] {processor.py:840} INFO - DAG(s) 'reports_etl_dag' retrieved from /opt/airflow/dags/reports_etl_dag.py
[2026-06-07T12:27:44.776+0000] {logging_mixin.py:188} INFO - [2026-06-07T12:27:44.775+0000] {dag.py:3036} INFO - Sync 1 DAGs
[2026-06-07T12:27:44.801+0000] {logging_mixin.py:188} INFO - [2026-06-07T12:27:44.801+0000] {dag.py:3823} INFO - Setting next_dagrun for reports_etl_dag to 2026-06-06 02:00:00+00:00, run_after=2026-06-07 02:00:00+00:00
[2026-06-07T12:27:44.832+0000] {processor.py:183} INFO - Processing /opt/airflow/dags/reports_etl_dag.py took 0.350 seconds
[2026-06-07T12:28:15.194+0000] {processor.py:161} INFO - Started process (PID=396) to work on /opt/airflow/dags/reports_etl_dag.py
[2026-06-07T12:28:15.196+0000] {processor.py:830} INFO - Processing file /opt/airflow/dags/reports_etl_dag.py for tasks to queue
[2026-06-07T12:28:15.197+0000] {logging_mixin.py:188} INFO - [2026-06-07T12:28:15.196+0000] {dagbag.py:538} INFO - Filling up the DagBag from /opt/airflow/dags/reports_etl_dag.py
[2026-06-07T12:28:15.451+0000] {processor.py:840} INFO - DAG(s) 'reports_etl_dag' retrieved from /opt/airflow/dags/reports_etl_dag.py
[2026-06-07T12:28:15.486+0000] {logging_mixin.py:188} INFO - [2026-06-07T12:28:15.485+0000] {dag.py:3036} INFO - Sync 1 DAGs
[2026-06-07T12:28:15.511+0000] {logging_mixin.py:188} INFO - [2026-06-07T12:28:15.511+0000] {dag.py:3823} INFO - Setting next_dagrun for reports_etl_dag to 2026-06-06 02:00:00+00:00, run_after=2026-06-07 02:00:00+00:00
[2026-06-07T12:28:15.536+0000] {processor.py:183} INFO - Processing /opt/airflow/dags/reports_etl_dag.py took 0.349 seconds
[2026-06-07T12:28:45.685+0000] {processor.py:161} INFO - Started process (PID=401) to work on /opt/airflow/dags/reports_etl_dag.py
[2026-06-07T12:28:45.687+0000] {processor.py:830} INFO - Processing file /opt/airflow/dags/reports_etl_dag.py for tasks to queue
[2026-06-07T12:28:45.688+0000] {logging_mixin.py:188} INFO - [2026-06-07T12:28:45.688+0000] {dagbag.py:538} INFO - Filling up the DagBag from /opt/airflow/dags/reports_etl_dag.py
[2026-06-07T12:28:46.008+0000] {processor.py:840} INFO - DAG(s) 'reports_etl_dag' retrieved from /opt/airflow/dags/reports_etl_dag.py
[2026-06-07T12:28:46.048+0000] {logging_mixin.py:188} INFO - [2026-06-07T12:28:46.047+0000] {dag.py:3036} INFO - Sync 1 DAGs
[2026-06-07T12:28:46.098+0000] {logging_mixin.py:188} INFO - [2026-06-07T12:28:46.097+0000] {dag.py:3823} INFO - Setting next_dagrun for reports_etl_dag to 2026-06-06 02:00:00+00:00, run_after=2026-06-07 02:00:00+00:00
[2026-06-07T12:28:46.165+0000] {processor.py:183} INFO - Processing /opt/airflow/dags/reports_etl_dag.py took 0.485 seconds
[2026-06-07T12:29:16.354+0000] {processor.py:161} INFO - Started process (PID=406) to work on /opt/airflow/dags/reports_etl_dag.py
[2026-06-07T12:29:16.356+0000] {processor.py:830} INFO - Processing file /opt/airflow/dags/reports_etl_dag.py for tasks to queue
[2026-06-07T12:29:16.358+0000] {logging_mixin.py:188} INFO - [2026-06-07T12:29:16.357+0000] {dagbag.py:538} INFO - Filling up the DagBag from /opt/airflow/dags/reports_etl_dag.py
[2026-06-07T12:29:16.711+0000] {processor.py:840} INFO - DAG(s) 'reports_etl_dag' retrieved from /opt/airflow/dags/reports_etl_dag.py
[2026-06-07T12:29:16.768+0000] {logging_mixin.py:188} INFO - [2026-06-07T12:29:16.767+0000] {dag.py:3036} INFO - Sync 1 DAGs
[2026-06-07T12:29:16.829+0000] {logging_mixin.py:188} INFO - [2026-06-07T12:29:16.829+0000] {dag.py:3823} INFO - Setting next_dagrun for reports_etl_dag to 2026-06-06 02:00:00+00:00, run_after=2026-06-07 02:00:00+00:00
[2026-06-07T12:29:16.862+0000] {processor.py:183} INFO - Processing /opt/airflow/dags/reports_etl_dag.py took 0.513 seconds
[2026-06-07T12:29:47.376+0000] {processor.py:161} INFO - Started process (PID=411) to work on /opt/airflow/dags/reports_etl_dag.py
[2026-06-07T12:29:47.378+0000] {processor.py:830} INFO - Processing file /opt/airflow/dags/reports_etl_dag.py for tasks to queue
[2026-06-07T12:29:47.379+0000] {logging_mixin.py:188} INFO - [2026-06-07T12:29:47.379+0000] {dagbag.py:538} INFO - Filling up the DagBag from /opt/airflow/dags/reports_etl_dag.py
[2026-06-07T12:29:47.717+0000] {processor.py:840} INFO - DAG(s) 'reports_etl_dag' retrieved from /opt/airflow/dags/reports_etl_dag.py
[2026-06-07T12:29:47.763+0000] {logging_mixin.py:188} INFO - [2026-06-07T12:29:47.762+0000] {dag.py:3036} INFO - Sync 1 DAGs
[2026-06-07T12:29:47.801+0000] {logging_mixin.py:188} INFO - [2026-06-07T12:29:47.800+0000] {dag.py:3823} INFO - Setting next_dagrun for reports_etl_dag to 2026-06-06 02:00:00+00:00, run_after=2026-06-07 02:00:00+00:00
[2026-06-07T12:29:47.858+0000] {processor.py:183} INFO - Processing /opt/airflow/dags/reports_etl_dag.py took 0.487 seconds
[2026-06-07T12:30:18.765+0000] {processor.py:161} INFO - Started process (PID=416) to work on /opt/airflow/dags/reports_etl_dag.py
[2026-06-07T12:30:18.767+0000] {processor.py:830} INFO - Processing file /opt/airflow/dags/reports_etl_dag.py for tasks to queue
[2026-06-07T12:30:18.768+0000] {logging_mixin.py:188} INFO - [2026-06-07T12:30:18.768+0000] {dagbag.py:538} INFO - Filling up the DagBag from /opt/airflow/dags/reports_etl_dag.py
[2026-06-07T12:30:19.145+0000] {processor.py:840} INFO - DAG(s) 'reports_etl_dag' retrieved from /opt/airflow/dags/reports_etl_dag.py
[2026-06-07T12:30:19.180+0000] {logging_mixin.py:188} INFO - [2026-06-07T12:30:19.180+0000] {dag.py:3036} INFO - Sync 1 DAGs
[2026-06-07T12:30:19.206+0000] {logging_mixin.py:188} INFO - [2026-06-07T12:30:19.206+0000] {dag.py:3823} INFO - Setting next_dagrun for reports_etl_dag to 2026-06-06 02:00:00+00:00, run_after=2026-06-07 02:00:00+00:00
[2026-06-07T12:30:19.240+0000] {processor.py:183} INFO - Processing /opt/airflow/dags/reports_etl_dag.py took 0.479 seconds
[2026-06-07T12:30:49.366+0000] {processor.py:161} INFO - Started process (PID=421) to work on /opt/airflow/dags/reports_etl_dag.py
[2026-06-07T12:30:49.368+0000] {processor.py:830} INFO - Processing file /opt/airflow/dags/reports_etl_dag.py for tasks to queue
[2026-06-07T12:30:49.369+0000] {logging_mixin.py:188} INFO - [2026-06-07T12:30:49.369+0000] {dagbag.py:538} INFO - Filling up the DagBag from /opt/airflow/dags/reports_etl_dag.py
[2026-06-07T12:30:49.686+0000] {processor.py:840} INFO - DAG(s) 'reports_etl_dag' retrieved from /opt/airflow/dags/reports_etl_dag.py
[2026-06-07T12:30:49.746+0000] {logging_mixin.py:188} INFO - [2026-06-07T12:30:49.746+0000] {dag.py:3036} INFO - Sync 1 DAGs
[2026-06-07T12:30:49.801+0000] {logging_mixin.py:188} INFO - [2026-06-07T12:30:49.801+0000] {dag.py:3823} INFO - Setting next_dagrun for reports_etl_dag to 2026-06-06 02:00:00+00:00, run_after=2026-06-07 02:00:00+00:00
[2026-06-07T12:30:49.829+0000] {processor.py:183} INFO - Processing /opt/airflow/dags/reports_etl_dag.py took 0.468 seconds
