[2026-06-09T04:05:37.099+0000] {taskinstance.py:1956} INFO - Dependencies all met for dep_context=non-requeueable deps ti=<TaskInstance: reports_etl_dag.extract_transform_load manual__2026-06-09T04:05:34.284075+00:00 [queued]>
[2026-06-09T04:05:37.108+0000] {taskinstance.py:1956} INFO - Dependencies all met for dep_context=requeueable deps ti=<TaskInstance: reports_etl_dag.extract_transform_load manual__2026-06-09T04:05:34.284075+00:00 [queued]>
[2026-06-09T04:05:37.109+0000] {taskinstance.py:2170} INFO - Starting attempt 1 of 3
[2026-06-09T04:05:37.128+0000] {taskinstance.py:2191} INFO - Executing <Task(PythonOperator): extract_transform_load> on 2026-06-09 04:05:34.284075+00:00
[2026-06-09T04:05:37.138+0000] {standard_task_runner.py:60} INFO - Started process 436 to run task
[2026-06-09T04:05:37.143+0000] {standard_task_runner.py:87} INFO - Running: ['***', 'tasks', 'run', 'reports_etl_dag', 'extract_transform_load', 'manual__2026-06-09T04:05:34.284075+00:00', '--job-id', '3', '--raw', '--subdir', 'DAGS_FOLDER/reports_etl_dag.py', '--cfg-path', '/tmp/tmpzohhrevl']
[2026-06-09T04:05:37.147+0000] {standard_task_runner.py:88} INFO - Job 3: Subtask extract_transform_load
[2026-06-09T04:05:37.388+0000] {task_command.py:423} INFO - Running <TaskInstance: reports_etl_dag.extract_transform_load manual__2026-06-09T04:05:34.284075+00:00 [running]> on host f705655fcd5c
[2026-06-09T04:05:37.626+0000] {taskinstance.py:2480} INFO - Exporting env vars: AIRFLOW_CTX_DAG_OWNER='bionicpro' AIRFLOW_CTX_DAG_ID='reports_etl_dag' AIRFLOW_CTX_TASK_ID='extract_transform_load' AIRFLOW_CTX_EXECUTION_DATE='2026-06-09T04:05:34.284075+00:00' AIRFLOW_CTX_TRY_NUMBER='1' AIRFLOW_CTX_DAG_RUN_ID='manual__2026-06-09T04:05:34.284075+00:00'
[2026-06-09T04:05:37.644+0000] {base.py:83} INFO - Using connection ID 'crm_db' for task execution.
[2026-06-09T04:05:40.964+0000] {taskinstance.py:2698} ERROR - Task failed with exception
Traceback (most recent call last):
  File "/home/airflow/.local/lib/python3.8/site-packages/airflow/models/taskinstance.py", line 433, in _execute_task
    result = execute_callable(context=context, **execute_callable_kwargs)
  File "/home/airflow/.local/lib/python3.8/site-packages/airflow/operators/python.py", line 199, in execute
    return_value = self.execute_callable()
  File "/home/airflow/.local/lib/python3.8/site-packages/airflow/operators/python.py", line 216, in execute_callable
    return self.python_callable(*self.op_args, **self.op_kwargs)
  File "/opt/airflow/dags/reports_etl_dag.py", line 21, in extract_load
    crm_rows = crm.get_records("""
  File "/home/airflow/.local/lib/python3.8/site-packages/airflow/providers/common/sql/hooks/sql.py", line 261, in get_records
    return self.run(sql=sql, parameters=parameters, handler=fetch_all_handler)
  File "/home/airflow/.local/lib/python3.8/site-packages/airflow/providers/common/sql/hooks/sql.py", line 391, in run
    with closing(self.get_conn()) as conn:
  File "/home/airflow/.local/lib/python3.8/site-packages/airflow/providers/postgres/hooks/postgres.py", line 158, in get_conn
    self.conn = psycopg2.connect(**conn_args)
  File "/home/airflow/.local/lib/python3.8/site-packages/psycopg2/__init__.py", line 122, in connect
    conn = _connect(dsn, connection_factory=connection_factory, **kwasync)
psycopg2.OperationalError: could not translate host name "crmpostgres" to address: Name or service not known

[2026-06-09T04:05:40.984+0000] {taskinstance.py:1138} INFO - Marking task as UP_FOR_RETRY. dag_id=reports_etl_dag, task_id=extract_transform_load, execution_date=20260609T040534, start_date=20260609T040537, end_date=20260609T040540
[2026-06-09T04:05:41.018+0000] {standard_task_runner.py:107} ERROR - Failed to execute job 3 for task extract_transform_load (could not translate host name "crmpostgres" to address: Name or service not known
; 436)
[2026-06-09T04:05:41.063+0000] {local_task_job_runner.py:234} INFO - Task exited with return code 1
[2026-06-09T04:05:41.117+0000] {taskinstance.py:3280} INFO - 0 downstream tasks scheduled from follow-on schedule check
