[2026-06-05T02:10:11.557+0000] {taskinstance.py:1956} INFO - Dependencies all met for dep_context=non-requeueable deps ti=<TaskInstance: reports_etl_dag.extract_transform_load scheduled__2026-06-04T02:00:00+00:00 [queued]>
[2026-06-05T02:10:11.566+0000] {taskinstance.py:1956} INFO - Dependencies all met for dep_context=requeueable deps ti=<TaskInstance: reports_etl_dag.extract_transform_load scheduled__2026-06-04T02:00:00+00:00 [queued]>
[2026-06-05T02:10:11.567+0000] {taskinstance.py:2170} INFO - Starting attempt 3 of 3
[2026-06-05T02:10:11.585+0000] {taskinstance.py:2191} INFO - Executing <Task(PythonOperator): extract_transform_load> on 2026-06-04 02:00:00+00:00
[2026-06-05T02:10:11.590+0000] {standard_task_runner.py:60} INFO - Started process 50982 to run task
[2026-06-05T02:10:11.595+0000] {standard_task_runner.py:87} INFO - Running: ['***', 'tasks', 'run', 'reports_etl_dag', 'extract_transform_load', 'scheduled__2026-06-04T02:00:00+00:00', '--job-id', '19', '--raw', '--subdir', 'DAGS_FOLDER/reports_etl_dag.py', '--cfg-path', '/tmp/tmps7zumvpn']
[2026-06-05T02:10:11.599+0000] {standard_task_runner.py:88} INFO - Job 19: Subtask extract_transform_load
[2026-06-05T02:10:11.701+0000] {task_command.py:423} INFO - Running <TaskInstance: reports_etl_dag.extract_transform_load scheduled__2026-06-04T02:00:00+00:00 [running]> on host c889df2af870
[2026-06-05T02:10:11.880+0000] {taskinstance.py:2480} INFO - Exporting env vars: AIRFLOW_CTX_DAG_OWNER='bionicpro' AIRFLOW_CTX_DAG_ID='reports_etl_dag' AIRFLOW_CTX_TASK_ID='extract_transform_load' AIRFLOW_CTX_EXECUTION_DATE='2026-06-04T02:00:00+00:00' AIRFLOW_CTX_TRY_NUMBER='3' AIRFLOW_CTX_DAG_RUN_ID='scheduled__2026-06-04T02:00:00+00:00'
[2026-06-05T02:10:11.896+0000] {base.py:83} INFO - Using connection ID 'crm_db' for task execution.
[2026-06-05T02:10:15.110+0000] {taskinstance.py:2698} ERROR - Task failed with exception
Traceback (most recent call last):
  File "/home/airflow/.local/lib/python3.8/site-packages/airflow/models/taskinstance.py", line 433, in _execute_task
    result = execute_callable(context=context, **execute_callable_kwargs)
  File "/home/airflow/.local/lib/python3.8/site-packages/airflow/operators/python.py", line 199, in execute
    return_value = self.execute_callable()
  File "/home/airflow/.local/lib/python3.8/site-packages/airflow/operators/python.py", line 216, in execute_callable
    return self.python_callable(*self.op_args, **self.op_kwargs)
  File "/opt/airflow/dags/reports_etl_dag.py", line 19, in extract_load
    crm_rows = crm.get_records("""
  File "/home/airflow/.local/lib/python3.8/site-packages/airflow/providers/common/sql/hooks/sql.py", line 261, in get_records
    return self.run(sql=sql, parameters=parameters, handler=fetch_all_handler)
  File "/home/airflow/.local/lib/python3.8/site-packages/airflow/providers/common/sql/hooks/sql.py", line 391, in run
    with closing(self.get_conn()) as conn:
  File "/home/airflow/.local/lib/python3.8/site-packages/airflow/providers/postgres/hooks/postgres.py", line 158, in get_conn
    self.conn = psycopg2.connect(**conn_args)
  File "/home/airflow/.local/lib/python3.8/site-packages/psycopg2/__init__.py", line 122, in connect
    conn = _connect(dsn, connection_factory=connection_factory, **kwasync)
psycopg2.OperationalError: could not translate host name "crmpostgres" to address: Name or service not known

[2026-06-05T02:10:15.130+0000] {taskinstance.py:1138} INFO - Marking task as FAILED. dag_id=reports_etl_dag, task_id=extract_transform_load, execution_date=20260604T020000, start_date=20260605T021011, end_date=20260605T021015
[2026-06-05T02:10:15.146+0000] {standard_task_runner.py:107} ERROR - Failed to execute job 19 for task extract_transform_load (could not translate host name "crmpostgres" to address: Name or service not known
; 50982)
[2026-06-05T02:10:15.181+0000] {local_task_job_runner.py:234} INFO - Task exited with return code 1
[2026-06-05T02:10:15.204+0000] {taskinstance.py:3280} INFO - 0 downstream tasks scheduled from follow-on schedule check
